Component: ARM Compiler 5.05 (build 41) Tool: armlink [4d0eb9]

==============================================================================

Section Cross References

    system_lpc8xx.o(.text) refers to system_lpc8xx.o(i.__ARM_common_switch8) for __ARM_common_switch8
    system_lpc8xx.o(.text) refers to aeabi_sdiv.o(.text) for __aeabi_uidivmod
    system_lpc8xx.o(.text) refers to system_lpc8xx.o(.data) for SystemCoreClock
    startup_lpc82x.o(STACK) refers (Special) to heapauxi.o(.text) for __use_two_region_memory
    startup_lpc82x.o(HEAP) refers (Special) to heapauxi.o(.text) for __use_two_region_memory
    startup_lpc82x.o(RESET) refers (Special) to heapauxi.o(.text) for __use_two_region_memory
    startup_lpc82x.o(RESET) refers to startup_lpc82x.o(STACK) for __initial_sp
    startup_lpc82x.o(RESET) refers to startup_lpc82x.o(.text) for Reset_Handler
    startup_lpc82x.o(RESET) refers to main.o(.text) for UART0_IRQHandler
    startup_lpc82x.o(.ARM.__at_0x02FC) refers (Special) to heapauxi.o(.text) for __use_two_region_memory
    startup_lpc82x.o(.text) refers (Special) to heapauxi.o(.text) for __use_two_region_memory
    startup_lpc82x.o(.text) refers to system_lpc8xx.o(.text) for SystemInit
    startup_lpc82x.o(.text) refers to __main.o(!!!main) for __main
    startup_lpc82x.o(.text) refers to startup_lpc82x.o(HEAP) for Heap_Mem
    startup_lpc82x.o(.text) refers to startup_lpc82x.o(STACK) for Stack_Mem
    main.o(.text) refers to aeabi_sdiv.o(.text) for __aeabi_uidivmod
    main.o(.text) refers to rt_memcpy.o(.text) for __aeabi_memcpy
    main.o(.text) refers to rt_memclr.o(.text) for __aeabi_memclr4
    main.o(.text) refers to rt_memcpy.o(.emb_text) for __aeabi_memcpy4
    main.o(.text) refers to main.o(.data) for time_ms_close_door
    main.o(.text) refers to system_lpc8xx.o(.data) for SystemCoreClock
    main.o(.text) refers to main.o(.bss) for uart2
    main.o(.text) refers to system_lpc8xx.o(i.__ARM_common_switch8) for __ARM_common_switch8
    main.o(.text) refers to system_lpc8xx.o(.text) for SystemInit
    iap.o(.text) refers to iap.o(.bss) for __Guiparamin
    iap.o(.text) refers to iap.o(.data) for __GIAP_Entry
    rt_memcpy.o(.text) refers to rt_memcpy.o(.emb_text) for __aeabi_memcpy4
    __main.o(!!!main) refers to __rtentry.o(.ARM.Collect$$rtentry$$00000000) for __rt_entry
    __rtentry.o(.ARM.Collect$$rtentry$$00000000) refers (Special) to __rtentry2.o(.ARM.Collect$$rtentry$$0000000A) for __rt_entry_li
    __rtentry.o(.ARM.Collect$$rtentry$$00000000) refers (Special) to __rtentry2.o(.ARM.Collect$$rtentry$$0000000D) for __rt_entry_main
    __rtentry.o(.ARM.Collect$$rtentry$$00000000) refers (Special) to __rtentry2.o(.ARM.Collect$$rtentry$$0000000C) for __rt_entry_postli_1
    __rtentry.o(.ARM.Collect$$rtentry$$00000000) refers (Special) to __rtentry2.o(.ARM.Collect$$rtentry$$00000009) for __rt_entry_postsh_1
    __rtentry.o(.ARM.Collect$$rtentry$$00000000) refers (Special) to __rtentry2.o(.ARM.Collect$$rtentry$$00000002) for __rt_entry_presh_1
    __rtentry.o(.ARM.Collect$$rtentry$$00000000) refers (Special) to __rtentry4.o(.ARM.Collect$$rtentry$$00000004) for __rt_entry_sh
    aeabi_idiv0_sigfpe.o(.text) refers to rt_div0.o(.text) for __rt_div0
    __rtentry2.o(.ARM.Collect$$rtentry$$00000008) refers to boardinit2.o(.text) for _platform_post_stackheap_init
    __rtentry2.o(.ARM.Collect$$rtentry$$0000000A) refers to libinit.o(.ARM.Collect$$libinit$$00000000) for __rt_lib_init
    __rtentry2.o(.ARM.Collect$$rtentry$$0000000B) refers to boardinit3.o(.text) for _platform_post_lib_init
    __rtentry2.o(.ARM.Collect$$rtentry$$0000000D) refers to main.o(.text) for main
    __rtentry2.o(.ARM.Collect$$rtentry$$0000000D) refers to exit.o(.text) for exit
    __rtentry2.o(.ARM.exidx) refers to __rtentry2.o(.ARM.Collect$$rtentry$$00000001) for .ARM.Collect$$rtentry$$00000001
    __rtentry2.o(.ARM.exidx) refers to __rtentry2.o(.ARM.Collect$$rtentry$$00000008) for .ARM.Collect$$rtentry$$00000008
    __rtentry2.o(.ARM.exidx) refers to __rtentry2.o(.ARM.Collect$$rtentry$$0000000A) for .ARM.Collect$$rtentry$$0000000A
    __rtentry2.o(.ARM.exidx) refers to __rtentry2.o(.ARM.Collect$$rtentry$$0000000B) for .ARM.Collect$$rtentry$$0000000B
    __rtentry2.o(.ARM.exidx) refers to __rtentry2.o(.ARM.Collect$$rtentry$$0000000D) for .ARM.Collect$$rtentry$$0000000D
    __rtentry4.o(.ARM.Collect$$rtentry$$00000004) refers to sys_stackheap_outer.o(.text) for __user_setup_stackheap
    __rtentry4.o(.ARM.exidx) refers to __rtentry4.o(.ARM.Collect$$rtentry$$00000004) for .ARM.Collect$$rtentry$$00000004
    rt_div0.o(.text) refers to defsig_fpe_outer.o(.text) for __rt_SIGFPE
    sys_stackheap_outer.o(.text) refers to libspace.o(.text) for __user_perproc_libspace
    sys_stackheap_outer.o(.text) refers to startup_lpc82x.o(.text) for __user_initial_stackheap
    sys_stackheap_outer.o(__vectab_stack_and_reset_area) refers to tempstk.o(.text) for __temporary_stack_top
    sys_stackheap_outer.o(__vectab_stack_and_reset_area) refers to __main.o(!!!main) for __main
    exit.o(.text) refers to rtexit.o(.ARM.Collect$$rtexit$$00000000) for __rt_exit
    defsig_fpe_outer.o(.text) refers to defsig_fpe_inner.o(.text) for __rt_SIGFPE_inner
    defsig_fpe_outer.o(.text) refers to defsig_exit.o(.text) for __sig_exit
    defsig_fpe_formal.o(.text) refers to rt_raise.o(.text) for __rt_raise
    libinit.o(.ARM.Collect$$libinit$$00000000) refers (Special) to libinit2.o(.ARM.Collect$$libinit$$0000002E) for __rt_lib_init_alloca_1
    libinit.o(.ARM.Collect$$libinit$$00000000) refers (Special) to libinit2.o(.ARM.Collect$$libinit$$0000002C) for __rt_lib_init_argv_1
    libinit.o(.ARM.Collect$$libinit$$00000000) refers (Special) to libinit2.o(.ARM.Collect$$libinit$$0000001B) for __rt_lib_init_atexit_1
    libinit.o(.ARM.Collect$$libinit$$00000000) refers (Special) to libinit2.o(.ARM.Collect$$libinit$$00000021) for __rt_lib_init_clock_1
    libinit.o(.ARM.Collect$$libinit$$00000000) refers (Special) to libinit2.o(.ARM.Collect$$libinit$$00000032) for __rt_lib_init_cpp_1
    libinit.o(.ARM.Collect$$libinit$$00000000) refers (Special) to libinit2.o(.ARM.Collect$$libinit$$00000030) for __rt_lib_init_exceptions_1
    libinit.o(.ARM.Collect$$libinit$$00000000) refers (Special) to libinit2.o(.ARM.Collect$$libinit$$00000002) for __rt_lib_init_fp_1
    libinit.o(.ARM.Collect$$libinit$$00000000) refers (Special) to libinit2.o(.ARM.Collect$$libinit$$0000001F) for __rt_lib_init_fp_trap_1
    libinit.o(.ARM.Collect$$libinit$$00000000) refers (Special) to libinit2.o(.ARM.Collect$$libinit$$00000023) for __rt_lib_init_getenv_1
    libinit.o(.ARM.Collect$$libinit$$00000000) refers (Special) to libinit2.o(.ARM.Collect$$libinit$$0000000A) for __rt_lib_init_heap_1
    libinit.o(.ARM.Collect$$libinit$$00000000) refers (Special) to libinit2.o(.ARM.Collect$$libinit$$00000011) for __rt_lib_init_lc_collate_1
    libinit.o(.ARM.Collect$$libinit$$00000000) refers (Special) to libinit2.o(.ARM.Collect$$libinit$$00000013) for __rt_lib_init_lc_ctype_1
    libinit.o(.ARM.Collect$$libinit$$00000000) refers (Special) to libinit2.o(.ARM.Collect$$libinit$$00000015) for __rt_lib_init_lc_monetary_1
    libinit.o(.ARM.Collect$$libinit$$00000000) refers (Special) to libinit2.o(.ARM.Collect$$libinit$$00000017) for __rt_lib_init_lc_numeric_1
    libinit.o(.ARM.Collect$$libinit$$00000000) refers (Special) to libinit2.o(.ARM.Collect$$libinit$$00000019) for __rt_lib_init_lc_time_1
    libinit.o(.ARM.Collect$$libinit$$00000000) refers (Special) to libinit2.o(.ARM.Collect$$libinit$$00000004) for __rt_lib_init_preinit_1
    libinit.o(.ARM.Collect$$libinit$$00000000) refers (Special) to libinit2.o(.ARM.Collect$$libinit$$0000000E) for __rt_lib_init_rand_1
    libinit.o(.ARM.Collect$$libinit$$00000000) refers (Special) to libinit2.o(.ARM.Collect$$libinit$$00000033) for __rt_lib_init_return
    libinit.o(.ARM.Collect$$libinit$$00000000) refers (Special) to libinit2.o(.ARM.Collect$$libinit$$0000001D) for __rt_lib_init_signal_1
    libinit.o(.ARM.Collect$$libinit$$00000000) refers (Special) to libinit2.o(.ARM.Collect$$libinit$$00000025) for __rt_lib_init_stdio_1
    libinit.o(.ARM.Collect$$libinit$$00000000) refers (Special) to libinit2.o(.ARM.Collect$$libinit$$0000000C) for __rt_lib_init_user_alloc_1
    libspace.o(.text) refers to libspace.o(.bss) for __libspace_start
    rtexit.o(.ARM.Collect$$rtexit$$00000000) refers (Special) to rtexit2.o(.ARM.Collect$$rtexit$$00000004) for __rt_exit_exit
    rtexit.o(.ARM.Collect$$rtexit$$00000000) refers (Special) to rtexit2.o(.ARM.Collect$$rtexit$$00000003) for __rt_exit_ls
    rtexit.o(.ARM.Collect$$rtexit$$00000000) refers (Special) to rtexit2.o(.ARM.Collect$$rtexit$$00000002) for __rt_exit_prels_1
    rtexit.o(.ARM.exidx) refers (Special) to rtexit2.o(.ARM.Collect$$rtexit$$00000004) for __rt_exit_exit
    rtexit.o(.ARM.exidx) refers (Special) to rtexit2.o(.ARM.Collect$$rtexit$$00000003) for __rt_exit_ls
    rtexit.o(.ARM.exidx) refers (Special) to rtexit2.o(.ARM.Collect$$rtexit$$00000002) for __rt_exit_prels_1
    rtexit.o(.ARM.exidx) refers to rtexit.o(.ARM.Collect$$rtexit$$00000000) for .ARM.Collect$$rtexit$$00000000
    rt_raise.o(.text) refers to __raise.o(.text) for __raise
    rt_raise.o(.text) refers to sys_exit.o(.text) for _sys_exit
    defsig_exit.o(.text) refers to sys_exit.o(.text) for _sys_exit
    defsig_fpe_inner.o(.text) refers to defsig_general.o(.text) for __default_signal_display
    libinit2.o(.ARM.Collect$$libinit$$00000010) refers to libinit2.o(.ARM.Collect$$libinit$$0000000F) for .ARM.Collect$$libinit$$0000000F
    libinit2.o(.ARM.Collect$$libinit$$00000012) refers to libinit2.o(.ARM.Collect$$libinit$$0000000F) for .ARM.Collect$$libinit$$0000000F
    libinit2.o(.ARM.Collect$$libinit$$00000014) refers to libinit2.o(.ARM.Collect$$libinit$$0000000F) for .ARM.Collect$$libinit$$0000000F
    libinit2.o(.ARM.Collect$$libinit$$00000016) refers to libinit2.o(.ARM.Collect$$libinit$$0000000F) for .ARM.Collect$$libinit$$0000000F
    libinit2.o(.ARM.Collect$$libinit$$00000018) refers to libinit2.o(.ARM.Collect$$libinit$$0000000F) for .ARM.Collect$$libinit$$0000000F
    libinit2.o(.ARM.Collect$$libinit$$00000026) refers to argv_veneer.o(.text) for __ARM_argv_veneer
    libinit2.o(.ARM.Collect$$libinit$$00000027) refers to argv_veneer.o(.text) for __ARM_argv_veneer
    sys_exit.o(.text) refers (Special) to use_no_semi.o(.text) for __I$use$semihosting
    sys_exit.o(.text) refers (Special) to indicate_semi.o(.text) for __semihosting_library_function
    rtexit2.o(.ARM.Collect$$rtexit$$00000003) refers to libshutdown.o(.ARM.Collect$$libshutdown$$00000000) for __rt_lib_shutdown
    rtexit2.o(.ARM.Collect$$rtexit$$00000004) refers to sys_exit.o(.text) for _sys_exit
    rtexit2.o(.ARM.exidx) refers to rtexit2.o(.ARM.Collect$$rtexit$$00000001) for .ARM.Collect$$rtexit$$00000001
    rtexit2.o(.ARM.exidx) refers to rtexit2.o(.ARM.Collect$$rtexit$$00000003) for .ARM.Collect$$rtexit$$00000003
    rtexit2.o(.ARM.exidx) refers to rtexit2.o(.ARM.Collect$$rtexit$$00000004) for .ARM.Collect$$rtexit$$00000004
    __raise.o(.text) refers to defsig.o(CL$$defsig) for __default_signal_handler
    defsig_general.o(.text) refers to sys_wrch.o(.text) for _ttywrch
    sys_wrch.o(.text) refers (Special) to use_no_semi.o(.text) for __I$use$semihosting
    sys_wrch.o(.text) refers (Special) to indicate_semi.o(.text) for __semihosting_library_function
    defsig.o(CL$$defsig) refers to defsig_fpe_inner.o(.text) for __rt_SIGFPE_inner
    defsig.o(CL$$defsig) refers to defsig_rtmem_inner.o(.text) for __rt_SIGRTMEM_inner
    _get_argv_nomalloc.o(.text) refers (Special) to hrguard.o(.text) for __heap_region$guard
    _get_argv_nomalloc.o(.text) refers to defsig_rtmem_outer.o(.text) for __rt_SIGRTMEM
    _get_argv_nomalloc.o(.text) refers to sys_command.o(.text) for _sys_command_string
    libshutdown.o(.ARM.Collect$$libshutdown$$00000000) refers (Special) to libshutdown2.o(.ARM.Collect$$libshutdown$$00000006) for __rt_lib_shutdown_fp_trap_1
    libshutdown.o(.ARM.Collect$$libshutdown$$00000000) refers (Special) to libshutdown2.o(.ARM.Collect$$libshutdown$$0000000E) for __rt_lib_shutdown_heap_1
    libshutdown.o(.ARM.Collect$$libshutdown$$00000000) refers (Special) to libshutdown2.o(.ARM.Collect$$libshutdown$$0000000F) for __rt_lib_shutdown_return
    libshutdown.o(.ARM.Collect$$libshutdown$$00000000) refers (Special) to libshutdown2.o(.ARM.Collect$$libshutdown$$00000009) for __rt_lib_shutdown_signal_1
    libshutdown.o(.ARM.Collect$$libshutdown$$00000000) refers (Special) to libshutdown2.o(.ARM.Collect$$libshutdown$$00000003) for __rt_lib_shutdown_stdio_1
    libshutdown.o(.ARM.Collect$$libshutdown$$00000000) refers (Special) to libshutdown2.o(.ARM.Collect$$libshutdown$$0000000B) for __rt_lib_shutdown_user_alloc_1
    sys_command.o(.text) refers (Special) to use_no_semi.o(.text) for __I$use$semihosting
    sys_command.o(.text) refers (Special) to indicate_semi.o(.text) for __semihosting_library_function
    defsig_abrt_inner.o(.text) refers to defsig_general.o(.text) for __default_signal_display
    defsig_rtred_inner.o(.text) refers to defsig_general.o(.text) for __default_signal_display
    defsig_rtmem_inner.o(.text) refers to defsig_general.o(.text) for __default_signal_display
    defsig_rtmem_outer.o(.text) refers to defsig_rtmem_inner.o(.text) for __rt_SIGRTMEM_inner
    defsig_rtmem_outer.o(.text) refers to defsig_exit.o(.text) for __sig_exit
    defsig_rtmem_formal.o(.text) refers to rt_raise.o(.text) for __rt_raise
    defsig_stak_inner.o(.text) refers to defsig_general.o(.text) for __default_signal_display
    defsig_pvfn_inner.o(.text) refers to defsig_general.o(.text) for __default_signal_display
    defsig_cppl_inner.o(.text) refers to defsig_general.o(.text) for __default_signal_display
    defsig_segv_inner.o(.text) refers to defsig_general.o(.text) for __default_signal_display
    defsig_other.o(.text) refers to defsig_general.o(.text) for __default_signal_display


==============================================================================

Removing Unused input sections from the image.

    Removing system_lpc8xx.o(.rev16_text), (4 bytes).
    Removing system_lpc8xx.o(.revsh_text), (4 bytes).
    Removing main.o(.rev16_text), (4 bytes).
    Removing main.o(.revsh_text), (4 bytes).
    Removing iap.o(.text), (304 bytes).
    Removing iap.o(.bss), (40 bytes).
    Removing iap.o(.data), (4 bytes).

7 unused section(s) (total 364 bytes) removed from the image.

==============================================================================

Image Symbol Table

    Local Symbols

    Symbol Name                              Value     Ov Type        Size  Object(Section)

    RESET                                    0x00000000   Section      192  startup_lpc82x.o(RESET)
    ../clib/../cmprslib/lz77c.c              0x00000000   Number         0  __dclz77c.o ABSOLUTE
    ../clib/angel/boardlib.s                 0x00000000   Number         0  boardshut.o ABSOLUTE
    ../clib/angel/boardlib.s                 0x00000000   Number         0  boardinit1.o ABSOLUTE
    ../clib/angel/boardlib.s                 0x00000000   Number         0  boardinit2.o ABSOLUTE
    ../clib/angel/boardlib.s                 0x00000000   Number         0  boardinit3.o ABSOLUTE
    ../clib/angel/handlers.s                 0x00000000   Number         0  __scatter_zi.o ABSOLUTE
    ../clib/angel/kernel.s                   0x00000000   Number         0  __rtentry.o ABSOLUTE
    ../clib/angel/kernel.s                   0x00000000   Number         0  __rtentry2.o ABSOLUTE
    ../clib/angel/kernel.s                   0x00000000   Number         0  __rtentry4.o ABSOLUTE
    ../clib/angel/kernel.s                   0x00000000   Number         0  rtexit2.o ABSOLUTE
    ../clib/angel/kernel.s                   0x00000000   Number         0  rtexit.o ABSOLUTE
    ../clib/angel/rt.s                       0x00000000   Number         0  rt_raise.o ABSOLUTE
    ../clib/angel/rt.s                       0x00000000   Number         0  rt_div0.o ABSOLUTE
    ../clib/angel/rt.s                       0x00000000   Number         0  aeabi_idiv0_sigfpe.o ABSOLUTE
    ../clib/angel/rt.s                       0x00000000   Number         0  aeabi_idiv0.o ABSOLUTE
    ../clib/angel/scatterp.s                 0x00000000   Number         0  __scatter.o ABSOLUTE
    ../clib/angel/startup.s                  0x00000000   Number         0  __main.o ABSOLUTE
    ../clib/angel/sys.s                      0x00000000   Number         0  indicate_semi.o ABSOLUTE
    ../clib/angel/sys.s                      0x00000000   Number         0  sys_stackheap_outer.o ABSOLUTE
    ../clib/angel/sys.s                      0x00000000   Number         0  use_no_semi.o ABSOLUTE
    ../clib/angel/sys.s                      0x00000000   Number         0  libspace.o ABSOLUTE
    ../clib/angel/sys.s                      0x00000000   Number         0  tempstk.o ABSOLUTE
    ../clib/angel/sysapp.c                   0x00000000   Number         0  sys_command.o ABSOLUTE
    ../clib/angel/sysapp.c                   0x00000000   Number         0  sys_wrch.o ABSOLUTE
    ../clib/angel/sysapp.c                   0x00000000   Number         0  sys_exit.o ABSOLUTE
    ../clib/armsys.c                         0x00000000   Number         0  no_argv.o ABSOLUTE
    ../clib/armsys.c                         0x00000000   Number         0  argv_veneer.o ABSOLUTE
    ../clib/armsys.c                         0x00000000   Number         0  _get_argv_nomalloc.o ABSOLUTE
    ../clib/division.s                       0x00000000   Number         0  aeabi_sdiv_div0.o ABSOLUTE
    ../clib/division.s                       0x00000000   Number         0  aeabi_sdiv.o ABSOLUTE
    ../clib/heapalloc.c                      0x00000000   Number         0  hrguard.o ABSOLUTE
    ../clib/heapaux.c                        0x00000000   Number         0  heapauxi.o ABSOLUTE
    ../clib/libinit.s                        0x00000000   Number         0  libinit2.o ABSOLUTE
    ../clib/libinit.s                        0x00000000   Number         0  libshutdown.o ABSOLUTE
    ../clib/libinit.s                        0x00000000   Number         0  libshutdown2.o ABSOLUTE
    ../clib/libinit.s                        0x00000000   Number         0  libinit.o ABSOLUTE
    ../clib/memcpset.c                       0x00000000   Number         0  rt_memcpy.o ABSOLUTE
    ../clib/memcpset.c                       0x00000000   Number         0  rt_memcpy.o ABSOLUTE
    ../clib/memcpset.c                       0x00000000   Number         0  rt_memclr.o ABSOLUTE
    ../clib/signal.c                         0x00000000   Number         0  defsig_stak_inner.o ABSOLUTE
    ../clib/signal.c                         0x00000000   Number         0  defsig_rtmem_outer.o ABSOLUTE
    ../clib/signal.c                         0x00000000   Number         0  defsig_fpe_outer.o ABSOLUTE
    ../clib/signal.c                         0x00000000   Number         0  defsig_fpe_formal.o ABSOLUTE
    ../clib/signal.c                         0x00000000   Number         0  defsig_rtmem_inner.o ABSOLUTE
    ../clib/signal.c                         0x00000000   Number         0  defsig_rtred_inner.o ABSOLUTE
    ../clib/signal.c                         0x00000000   Number         0  defsig_rtmem_formal.o ABSOLUTE
    ../clib/signal.c                         0x00000000   Number         0  defsig_abrt_inner.o ABSOLUTE
    ../clib/signal.c                         0x00000000   Number         0  defsig_general.o ABSOLUTE
    ../clib/signal.c                         0x00000000   Number         0  defsig_exit.o ABSOLUTE
    ../clib/signal.c                         0x00000000   Number         0  __raise.o ABSOLUTE
    ../clib/signal.c                         0x00000000   Number         0  defsig_fpe_inner.o ABSOLUTE
    ../clib/signal.c                         0x00000000   Number         0  defsig_other.o ABSOLUTE
    ../clib/signal.c                         0x00000000   Number         0  defsig_segv_inner.o ABSOLUTE
    ../clib/signal.c                         0x00000000   Number         0  defsig_cppl_inner.o ABSOLUTE
    ../clib/signal.c                         0x00000000   Number         0  defsig_pvfn_inner.o ABSOLUTE
    ../clib/signal.s                         0x00000000   Number         0  defsig.o ABSOLUTE
    ../clib/stdlib.c                         0x00000000   Number         0  exit.o ABSOLUTE
    ../fplib/cfplib/fpinit.c                 0x00000000   Number         0  fpinit.o ABSOLUTE
    LPC8xx\\system_LPC8xx.c                  0x00000000   Number         0  system_lpc8xx.o ABSOLUTE
    LPC8xx\startup\startup_lpc82x.s          0x00000000   Number         0  startup_lpc82x.o ABSOLUTE
    LPC8xx\system_LPC8xx.c                   0x00000000   Number         0  system_lpc8xx.o ABSOLUTE
    USER CODE\IAP.c                          0x00000000   Number         0  iap.o ABSOLUTE
    USER CODE\\main.c                        0x00000000   Number         0  main.o ABSOLUTE
    USER CODE\main.c                         0x00000000   Number         0  main.o ABSOLUTE
    dc.s                                     0x00000000   Number         0  dc.o ABSOLUTE
    !!!main                                  0x000000c0   Section        8  __main.o(!!!main)
    !!!scatter                               0x000000c8   Section       60  __scatter.o(!!!scatter)
    !!handler_zi                             0x00000104   Section       28  __scatter_zi.o(!!handler_zi)
    .ARM.Collect$$libinit$$00000000          0x00000120   Section        2  libinit.o(.ARM.Collect$$libinit$$00000000)
    .ARM.Collect$$libinit$$00000002          0x00000122   Section        0  libinit2.o(.ARM.Collect$$libinit$$00000002)
    .ARM.Collect$$libinit$$00000004          0x00000122   Section        0  libinit2.o(.ARM.Collect$$libinit$$00000004)
    .ARM.Collect$$libinit$$0000000A          0x00000122   Section        0  libinit2.o(.ARM.Collect$$libinit$$0000000A)
    .ARM.Collect$$libinit$$0000000C          0x00000122   Section        0  libinit2.o(.ARM.Collect$$libinit$$0000000C)
    .ARM.Collect$$libinit$$0000000E          0x00000122   Section        0  libinit2.o(.ARM.Collect$$libinit$$0000000E)
    .ARM.Collect$$libinit$$00000011          0x00000122   Section        0  libinit2.o(.ARM.Collect$$libinit$$00000011)
    .ARM.Collect$$libinit$$00000013          0x00000122   Section        0  libinit2.o(.ARM.Collect$$libinit$$00000013)
    .ARM.Collect$$libinit$$00000015          0x00000122   Section        0  libinit2.o(.ARM.Collect$$libinit$$00000015)
    .ARM.Collect$$libinit$$00000017          0x00000122   Section        0  libinit2.o(.ARM.Collect$$libinit$$00000017)
    .ARM.Collect$$libinit$$00000019          0x00000122   Section        0  libinit2.o(.ARM.Collect$$libinit$$00000019)
    .ARM.Collect$$libinit$$0000001B          0x00000122   Section        0  libinit2.o(.ARM.Collect$$libinit$$0000001B)
    .ARM.Collect$$libinit$$0000001D          0x00000122   Section        0  libinit2.o(.ARM.Collect$$libinit$$0000001D)
    .ARM.Collect$$libinit$$0000001F          0x00000122   Section        0  libinit2.o(.ARM.Collect$$libinit$$0000001F)
    .ARM.Collect$$libinit$$00000021          0x00000122   Section        0  libinit2.o(.ARM.Collect$$libinit$$00000021)
    .ARM.Collect$$libinit$$00000023          0x00000122   Section        0  libinit2.o(.ARM.Collect$$libinit$$00000023)
    .ARM.Collect$$libinit$$00000025          0x00000122   Section        0  libinit2.o(.ARM.Collect$$libinit$$00000025)
    .ARM.Collect$$libinit$$0000002C          0x00000122   Section        0  libinit2.o(.ARM.Collect$$libinit$$0000002C)
    .ARM.Collect$$libinit$$0000002E          0x00000122   Section        0  libinit2.o(.ARM.Collect$$libinit$$0000002E)
    .ARM.Collect$$libinit$$00000030          0x00000122   Section        0  libinit2.o(.ARM.Collect$$libinit$$00000030)
    .ARM.Collect$$libinit$$00000032          0x00000122   Section        0  libinit2.o(.ARM.Collect$$libinit$$00000032)
    .ARM.Collect$$libinit$$00000033          0x00000122   Section        2  libinit2.o(.ARM.Collect$$libinit$$00000033)
    .ARM.Collect$$libshutdown$$00000000      0x00000124   Section        2  libshutdown.o(.ARM.Collect$$libshutdown$$00000000)
    .ARM.Collect$$libshutdown$$00000003      0x00000126   Section        0  libshutdown2.o(.ARM.Collect$$libshutdown$$00000003)
    .ARM.Collect$$libshutdown$$00000006      0x00000126   Section        0  libshutdown2.o(.ARM.Collect$$libshutdown$$00000006)
    .ARM.Collect$$libshutdown$$00000009      0x00000126   Section        0  libshutdown2.o(.ARM.Collect$$libshutdown$$00000009)
    .ARM.Collect$$libshutdown$$0000000B      0x00000126   Section        0  libshutdown2.o(.ARM.Collect$$libshutdown$$0000000B)
    .ARM.Collect$$libshutdown$$0000000E      0x00000126   Section        0  libshutdown2.o(.ARM.Collect$$libshutdown$$0000000E)
    .ARM.Collect$$libshutdown$$0000000F      0x00000126   Section        2  libshutdown2.o(.ARM.Collect$$libshutdown$$0000000F)
    .ARM.Collect$$rtentry$$00000000          0x00000128   Section        0  __rtentry.o(.ARM.Collect$$rtentry$$00000000)
    .ARM.Collect$$rtentry$$00000002          0x00000128   Section        0  __rtentry2.o(.ARM.Collect$$rtentry$$00000002)
    .ARM.Collect$$rtentry$$00000004          0x00000128   Section        6  __rtentry4.o(.ARM.Collect$$rtentry$$00000004)
    .ARM.Collect$$rtentry$$00000009          0x0000012e   Section        0  __rtentry2.o(.ARM.Collect$$rtentry$$00000009)
    .ARM.Collect$$rtentry$$0000000A          0x0000012e   Section        4  __rtentry2.o(.ARM.Collect$$rtentry$$0000000A)
    .ARM.Collect$$rtentry$$0000000C          0x00000132   Section        0  __rtentry2.o(.ARM.Collect$$rtentry$$0000000C)
    .ARM.Collect$$rtentry$$0000000D          0x00000132   Section        8  __rtentry2.o(.ARM.Collect$$rtentry$$0000000D)
    .ARM.Collect$$rtexit$$00000000           0x0000013a   Section        2  rtexit.o(.ARM.Collect$$rtexit$$00000000)
    .ARM.Collect$$rtexit$$00000002           0x0000013c   Section        0  rtexit2.o(.ARM.Collect$$rtexit$$00000002)
    .ARM.Collect$$rtexit$$00000003           0x0000013c   Section        4  rtexit2.o(.ARM.Collect$$rtexit$$00000003)
    .ARM.Collect$$rtexit$$00000004           0x00000140   Section        6  rtexit2.o(.ARM.Collect$$rtexit$$00000004)
    .emb_text                                0x00000148   Section       56  rt_memcpy.o(.emb_text)
    .text                                    0x00000180   Section       52  startup_lpc82x.o(.text)
    .text                                    0x000001b4   Section        0  rt_memcpy.o(.text)
    .text                                    0x00000236   Section        0  rt_memclr.o(.text)
    .text                                    0x00000276   Section        0  heapauxi.o(.text)
    .text                                    0x0000027c   Section       62  sys_stackheap_outer.o(.text)
    .text                                    0x000002ba   Section        0  exit.o(.text)
    .text                                    0x000002c8   Section        8  libspace.o(.text)
    .text                                    0x000002d0   Section        0  sys_exit.o(.text)
    .text                                    0x000002dc   Section        2  use_no_semi.o(.text)
    .text                                    0x000002de   Section        0  indicate_semi.o(.text)
    i.__ARM_common_switch8                   0x000002de   Section        0  system_lpc8xx.o(i.__ARM_common_switch8)
    .ARM.__at_0x02FC                         0x000002fc   Section        4  startup_lpc82x.o(.ARM.__at_0x02FC)
    .text                                    0x00000300   Section        0  system_lpc8xx.o(.text)
    .text                                    0x00000524   Section        0  main.o(.text)
    NVIC_EnableIRQ                           0x00001423   Thumb Code    14  main.o(.text)
    .text                                    0x00001474   Section      346  aeabi_sdiv.o(.text)
    .text                                    0x000015ce   Section        0  __dclz77c.o(.text)
    .data                                    0x10000000   Section        4  system_lpc8xx.o(.data)
    .data                                    0x10000004   Section      334  main.o(.data)
    .bss                                     0x10000154   Section     3639  main.o(.bss)
    .bss                                     0x10000f8c   Section       96  libspace.o(.bss)
    HEAP                                     0x10000ff0   Section        0  startup_lpc82x.o(HEAP)
    STACK                                    0x10000ff0   Section      512  startup_lpc82x.o(STACK)
    Heap_Mem                                 0x10000ff0   Data           0  startup_lpc82x.o(HEAP)
    Stack_Mem                                0x10000ff0   Data         512  startup_lpc82x.o(STACK)
    __initial_sp                             0x100011f0   Data           0  startup_lpc82x.o(STACK)

    Global Symbols

    Symbol Name                              Value     Ov Type        Size  Object(Section)

    BuildAttributes$$THM_ISAv3M$S$PE$A:L22$X:L11$S22$IEEE1$IW$USESV6$~STKCKD$USESV7$~SHL$OSPACE$ROPI$EBA8$UX$STANDARDLIB$REQ8$PRES8$EABIv2 0x00000000   Number         0  anon$$obj.o ABSOLUTE
    __ARM_use_no_argv                        0x00000000   Number         0  main.o ABSOLUTE
    __Vectors                                0x00000000   Data           4  startup_lpc82x.o(RESET)
    __ARM_exceptions_init                     - Undefined Weak Reference
    __alloca_initialize                       - Undefined Weak Reference
    __arm_preinit_                            - Undefined Weak Reference
    __cpp_initialize__aeabi_                  - Undefined Weak Reference
    __cxa_finalize                            - Undefined Weak Reference
    __rt_locale                               - Undefined Weak Reference
    __sigvec_lookup                           - Undefined Weak Reference
    _atexit_init                              - Undefined Weak Reference
    _call_atexit_fns                          - Undefined Weak Reference
    _clock_init                               - Undefined Weak Reference
    _fp_trap_init                             - Undefined Weak Reference
    _fp_trap_shutdown                         - Undefined Weak Reference
    _get_lc_collate                           - Undefined Weak Reference
    _get_lc_ctype                             - Undefined Weak Reference
    _get_lc_monetary                          - Undefined Weak Reference
    _get_lc_numeric                           - Undefined Weak Reference
    _get_lc_time                              - Undefined Weak Reference
    _getenv_init                              - Undefined Weak Reference
    _handle_redirection                       - Undefined Weak Reference
    _init_alloc                               - Undefined Weak Reference
    _init_user_alloc                          - Undefined Weak Reference
    _initio                                   - Undefined Weak Reference
    _rand_init                                - Undefined Weak Reference
    _signal_finish                            - Undefined Weak Reference
    _signal_init                              - Undefined Weak Reference
    _terminate_alloc                          - Undefined Weak Reference
    _terminate_user_alloc                     - Undefined Weak Reference
    _terminateio                              - Undefined Weak Reference
    __main                                   0x000000c1   Thumb Code     8  __main.o(!!!main)
    __scatterload                            0x000000c9   Thumb Code     0  __scatter.o(!!!scatter)
    __scatterload_rt2                        0x000000c9   Thumb Code    52  __scatter.o(!!!scatter)
    __scatterload_rt2_thumb_only             0x000000c9   Thumb Code     0  __scatter.o(!!!scatter)
    __scatterload_null                       0x000000d9   Thumb Code     0  __scatter.o(!!!scatter)
    __scatterload_zeroinit                   0x00000105   Thumb Code    28  __scatter_zi.o(!!handler_zi)
    __rt_lib_init                            0x00000121   Thumb Code     0  libinit.o(.ARM.Collect$$libinit$$00000000)
    __rt_lib_init_alloca_1                   0x00000123   Thumb Code     0  libinit2.o(.ARM.Collect$$libinit$$0000002E)
    __rt_lib_init_argv_1                     0x00000123   Thumb Code     0  libinit2.o(.ARM.Collect$$libinit$$0000002C)
    __rt_lib_init_atexit_1                   0x00000123   Thumb Code     0  libinit2.o(.ARM.Collect$$libinit$$0000001B)
    __rt_lib_init_clock_1                    0x00000123   Thumb Code     0  libinit2.o(.ARM.Collect$$libinit$$00000021)
    __rt_lib_init_cpp_1                      0x00000123   Thumb Code     0  libinit2.o(.ARM.Collect$$libinit$$00000032)
    __rt_lib_init_exceptions_1               0x00000123   Thumb Code     0  libinit2.o(.ARM.Collect$$libinit$$00000030)
    __rt_lib_init_fp_1                       0x00000123   Thumb Code     0  libinit2.o(.ARM.Collect$$libinit$$00000002)
    __rt_lib_init_fp_trap_1                  0x00000123   Thumb Code     0  libinit2.o(.ARM.Collect$$libinit$$0000001F)
    __rt_lib_init_getenv_1                   0x00000123   Thumb Code     0  libinit2.o(.ARM.Collect$$libinit$$00000023)
    __rt_lib_init_heap_1                     0x00000123   Thumb Code     0  libinit2.o(.ARM.Collect$$libinit$$0000000A)
    __rt_lib_init_lc_collate_1               0x00000123   Thumb Code     0  libinit2.o(.ARM.Collect$$libinit$$00000011)
    __rt_lib_init_lc_ctype_1                 0x00000123   Thumb Code     0  libinit2.o(.ARM.Collect$$libinit$$00000013)
    __rt_lib_init_lc_monetary_1              0x00000123   Thumb Code     0  libinit2.o(.ARM.Collect$$libinit$$00000015)
    __rt_lib_init_lc_numeric_1               0x00000123   Thumb Code     0  libinit2.o(.ARM.Collect$$libinit$$00000017)
    __rt_lib_init_lc_time_1                  0x00000123   Thumb Code     0  libinit2.o(.ARM.Collect$$libinit$$00000019)
    __rt_lib_init_preinit_1                  0x00000123   Thumb Code     0  libinit2.o(.ARM.Collect$$libinit$$00000004)
    __rt_lib_init_rand_1                     0x00000123   Thumb Code     0  libinit2.o(.ARM.Collect$$libinit$$0000000E)
    __rt_lib_init_return                     0x00000123   Thumb Code     0  libinit2.o(.ARM.Collect$$libinit$$00000033)
    __rt_lib_init_signal_1                   0x00000123   Thumb Code     0  libinit2.o(.ARM.Collect$$libinit$$0000001D)
    __rt_lib_init_stdio_1                    0x00000123   Thumb Code     0  libinit2.o(.ARM.Collect$$libinit$$00000025)
    __rt_lib_init_user_alloc_1               0x00000123   Thumb Code     0  libinit2.o(.ARM.Collect$$libinit$$0000000C)
    __rt_lib_shutdown                        0x00000125   Thumb Code     0  libshutdown.o(.ARM.Collect$$libshutdown$$00000000)
    __rt_lib_shutdown_fp_trap_1              0x00000127   Thumb Code     0  libshutdown2.o(.ARM.Collect$$libshutdown$$00000006)
    __rt_lib_shutdown_heap_1                 0x00000127   Thumb Code     0  libshutdown2.o(.ARM.Collect$$libshutdown$$0000000E)
    __rt_lib_shutdown_return                 0x00000127   Thumb Code     0  libshutdown2.o(.ARM.Collect$$libshutdown$$0000000F)
    __rt_lib_shutdown_signal_1               0x00000127   Thumb Code     0  libshutdown2.o(.ARM.Collect$$libshutdown$$00000009)
    __rt_lib_shutdown_stdio_1                0x00000127   Thumb Code     0  libshutdown2.o(.ARM.Collect$$libshutdown$$00000003)
    __rt_lib_shutdown_user_alloc_1           0x00000127   Thumb Code     0  libshutdown2.o(.ARM.Collect$$libshutdown$$0000000B)
    __rt_entry                               0x00000129   Thumb Code     0  __rtentry.o(.ARM.Collect$$rtentry$$00000000)
    __rt_entry_presh_1                       0x00000129   Thumb Code     0  __rtentry2.o(.ARM.Collect$$rtentry$$00000002)
    __rt_entry_sh                            0x00000129   Thumb Code     0  __rtentry4.o(.ARM.Collect$$rtentry$$00000004)
    __rt_entry_li                            0x0000012f   Thumb Code     0  __rtentry2.o(.ARM.Collect$$rtentry$$0000000A)
    __rt_entry_postsh_1                      0x0000012f   Thumb Code     0  __rtentry2.o(.ARM.Collect$$rtentry$$00000009)
    __rt_entry_main                          0x00000133   Thumb Code     0  __rtentry2.o(.ARM.Collect$$rtentry$$0000000D)
    __rt_entry_postli_1                      0x00000133   Thumb Code     0  __rtentry2.o(.ARM.Collect$$rtentry$$0000000C)
    __rt_exit                                0x0000013b   Thumb Code     0  rtexit.o(.ARM.Collect$$rtexit$$00000000)
    __rt_exit_ls                             0x0000013d   Thumb Code     0  rtexit2.o(.ARM.Collect$$rtexit$$00000003)
    __rt_exit_prels_1                        0x0000013d   Thumb Code     0  rtexit2.o(.ARM.Collect$$rtexit$$00000002)
    __rt_exit_exit                           0x00000141   Thumb Code     0  rtexit2.o(.ARM.Collect$$rtexit$$00000004)
    __aeabi_memcpy4                          0x00000149   Thumb Code    56  rt_memcpy.o(.emb_text)
    __aeabi_memcpy8                          0x00000149   Thumb Code     0  rt_memcpy.o(.emb_text)
    Reset_Handler                            0x00000181   Thumb Code     8  startup_lpc82x.o(.text)
    HardFault_Handler                        0x00000189   Thumb Code     2  startup_lpc82x.o(.text)
    SVC_Handler                              0x0000018b   Thumb Code     2  startup_lpc82x.o(.text)
    PendSV_Handler                           0x0000018d   Thumb Code     2  startup_lpc82x.o(.text)
    SysTick_Handler                          0x0000018f   Thumb Code     2  startup_lpc82x.o(.text)
    ADC_OVR_IRQHandler                       0x00000191   Thumb Code     0  startup_lpc82x.o(.text)
    ADC_SEQA_IRQHandler                      0x00000191   Thumb Code     0  startup_lpc82x.o(.text)
    ADC_SEQB_IRQHanlder                      0x00000191   Thumb Code     0  startup_lpc82x.o(.text)
    ADC_THCMP_IRQHandler                     0x00000191   Thumb Code     0  startup_lpc82x.o(.text)
    BOD_IRQHandler                           0x00000191   Thumb Code     0  startup_lpc82x.o(.text)
    CMP_IRQHandler                           0x00000191   Thumb Code     0  startup_lpc82x.o(.text)
    DMA_IRQHandler                           0x00000191   Thumb Code     0  startup_lpc82x.o(.text)
    FLASH_IRQHandler                         0x00000191   Thumb Code     0  startup_lpc82x.o(.text)
    I2C0_IRQHandler                          0x00000191   Thumb Code     0  startup_lpc82x.o(.text)
    I2C1_IRQHandler                          0x00000191   Thumb Code     0  startup_lpc82x.o(.text)
    I2C2_IRQHandler                          0x00000191   Thumb Code     0  startup_lpc82x.o(.text)
    I2C3_IRQHandler                          0x00000191   Thumb Code     0  startup_lpc82x.o(.text)
    MRT_IRQHandler                           0x00000191   Thumb Code     0  startup_lpc82x.o(.text)
    NMI_Handler                              0x00000191   Thumb Code     0  startup_lpc82x.o(.text)
    PIN_INT0_IRQHandler                      0x00000191   Thumb Code     0  startup_lpc82x.o(.text)
    PIN_INT1_IRQHandler                      0x00000191   Thumb Code     0  startup_lpc82x.o(.text)
    PIN_INT2_IRQHandler                      0x00000191   Thumb Code     0  startup_lpc82x.o(.text)
    PIN_INT3_IRQHandler                      0x00000191   Thumb Code     0  startup_lpc82x.o(.text)
    PIN_INT4_IRQHandler                      0x00000191   Thumb Code     0  startup_lpc82x.o(.text)
    PIN_INT5_IRQHandler                      0x00000191   Thumb Code     0  startup_lpc82x.o(.text)
    PIN_INT6_IRQHandler                      0x00000191   Thumb Code     0  startup_lpc82x.o(.text)
    PIN_INT7_IRQHandler                      0x00000191   Thumb Code     0  startup_lpc82x.o(.text)
    SCT_IRQHandler                           0x00000191   Thumb Code     0  startup_lpc82x.o(.text)
    SPI0_IRQHandler                          0x00000191   Thumb Code     0  startup_lpc82x.o(.text)
    SPI1_IRQHandler                          0x00000191   Thumb Code     0  startup_lpc82x.o(.text)
    WDT_IRQHandler                           0x00000191   Thumb Code     0  startup_lpc82x.o(.text)
    WKT_IRQHandler                           0x00000191   Thumb Code     0  startup_lpc82x.o(.text)
    __user_initial_stackheap                 0x00000195   Thumb Code     0  startup_lpc82x.o(.text)
    __aeabi_memcpy                           0x000001b5   Thumb Code   130  rt_memcpy.o(.text)
    __rt_memcpy                              0x000001b5   Thumb Code     0  rt_memcpy.o(.text)
    _memset_w                                0x00000237   Thumb Code    26  rt_memclr.o(.text)
    _memset                                  0x00000251   Thumb Code    30  rt_memclr.o(.text)
    __aeabi_memclr                           0x0000026f   Thumb Code     4  rt_memclr.o(.text)
    __rt_memclr                              0x0000026f   Thumb Code     0  rt_memclr.o(.text)
    __aeabi_memclr4                          0x00000273   Thumb Code     0  rt_memclr.o(.text)
    __aeabi_memclr8                          0x00000273   Thumb Code     0  rt_memclr.o(.text)
    __rt_memclr_w                            0x00000273   Thumb Code     4  rt_memclr.o(.text)
    __use_two_region_memory                  0x00000277   Thumb Code     2  heapauxi.o(.text)
    __rt_heap_escrow$2region                 0x00000279   Thumb Code     2  heapauxi.o(.text)
    __rt_heap_expand$2region                 0x0000027b   Thumb Code     2  heapauxi.o(.text)
    __user_setup_stackheap                   0x0000027d   Thumb Code    62  sys_stackheap_outer.o(.text)
    exit                                     0x000002bb   Thumb Code    12  exit.o(.text)
    __user_libspace                          0x000002c9   Thumb Code     8  libspace.o(.text)
    __user_perproc_libspace                  0x000002c9   Thumb Code     0  libspace.o(.text)
    __user_perthread_libspace                0x000002c9   Thumb Code     0  libspace.o(.text)
    _sys_exit                                0x000002d1   Thumb Code     8  sys_exit.o(.text)
    __I$use$semihosting                      0x000002dd   Thumb Code     0  use_no_semi.o(.text)
    __use_no_semihosting_swi                 0x000002dd   Thumb Code     2  use_no_semi.o(.text)
    __ARM_common_switch8                     0x000002df   Thumb Code    28  system_lpc8xx.o(i.__ARM_common_switch8)
    __semihosting_library_function           0x000002df   Thumb Code     0  indicate_semi.o(.text)
    SystemCoreClockUpdate                    0x00000301   Thumb Code   348  system_lpc8xx.o(.text)
    SystemInit                               0x0000045d   Thumb Code   120  system_lpc8xx.o(.text)
    myDelay                                  0x00000525   Thumb Code    26  main.o(.text)
    WKTInit                                  0x0000053f   Thumb Code    52  main.o(.text)
    WKTdelayMs                               0x00000573   Thumb Code    44  main.o(.text)
    GPIOInit                                 0x0000059f   Thumb Code   128  main.o(.text)
    UART0RecvEnable                          0x0000061f   Thumb Code     8  main.o(.text)
    UART0RecvDisable                         0x00000627   Thumb Code     8  main.o(.text)
    UART0SendEnable                          0x0000062f   Thumb Code    14  main.o(.text)
    UART0SendDisable                         0x0000063d   Thumb Code    14  main.o(.text)
    UART1SendEnable                          0x0000064b   Thumb Code    14  main.o(.text)
    UART1SendDisable                         0x00000659   Thumb Code    14  main.o(.text)
    UART1RecvEnable                          0x00000667   Thumb Code     8  main.o(.text)
    UART2SendEnable                          0x0000066f   Thumb Code    14  main.o(.text)
    UART2SendDisable                         0x0000067d   Thumb Code    14  main.o(.text)
    UART0Init                                0x0000068b   Thumb Code   106  main.o(.text)
    UART1Init                                0x000006f5   Thumb Code   114  main.o(.text)
    UART2Init                                0x00000767   Thumb Code   114  main.o(.text)
    gpio_ctrl                                0x000007d9   Thumb Code    30  main.o(.text)
    led0_on                                  0x000007f7   Thumb Code    14  main.o(.text)
    led1_on                                  0x00000805   Thumb Code    14  main.o(.text)
    led0_off                                 0x00000813   Thumb Code    12  main.o(.text)
    led1_off                                 0x0000081f   Thumb Code    12  main.o(.text)
    iccard_module_sleep                      0x0000082b   Thumb Code    12  main.o(.text)
    uart2_sendbuf                            0x00000837   Thumb Code    44  main.o(.text)
    wakeup_sound                             0x00000863   Thumb Code    24  main.o(.text)
    playback_voice                           0x0000087b   Thumb Code    66  main.o(.text)
    open_door                                0x000008bd   Thumb Code    38  main.o(.text)
    iccard_module_wakeup                     0x000008e3   Thumb Code    12  main.o(.text)
    close_door                               0x000008ef   Thumb Code    24  main.o(.text)
    uart0_sendbuf                            0x00000907   Thumb Code   126  main.o(.text)
    uart1_sendbuf                            0x00000985   Thumb Code    44  main.o(.text)
    UART0_IRQHandler                         0x000009b1   Thumb Code   138  main.o(.text)
    UART1_IRQHandler                         0x00000a3b   Thumb Code   138  main.o(.text)
    UART2_IRQHandler                         0x00000ac5   Thumb Code   128  main.o(.text)
    CheckSum                                 0x00000b45   Thumb Code    44  main.o(.text)
    send_cmd                                 0x00000b71   Thumb Code    82  main.o(.text)
    isvalid_packet                           0x00000bc3   Thumb Code    34  main.o(.text)
    parse_packet                             0x00000be5   Thumb Code    52  main.o(.text)
    cardsound                                0x00000c19   Thumb Code    20  main.o(.text)
    report_iccardwhitelist                   0x00000c2d   Thumb Code    62  main.o(.text)
    is_white_card                            0x00000c6b   Thumb Code    74  main.o(.text)
    del_white_list                           0x00000cb5   Thumb Code    46  main.o(.text)
    add_whitelist                            0x00000ce3   Thumb Code    72  main.o(.text)
    handle_cmd                               0x00000d2b   Thumb Code   254  main.o(.text)
    uart0_thread                             0x00000e29   Thumb Code    78  main.o(.text)
    get_whitelist_from_flash                 0x00000e77   Thumb Code     2  main.o(.text)
    add_whitelist_to_flash                   0x00000e79   Thumb Code     2  main.o(.text)
    delete_whitelist_from_flash              0x00000e7b   Thumb Code     2  main.o(.text)
    is_right_iccard_data                     0x00000e7d   Thumb Code    34  main.o(.text)
    handle_iccard                            0x00000e9f   Thumb Code   120  main.o(.text)
    uart1_thread                             0x00000f17   Thumb Code    44  main.o(.text)
    uart2_thread                             0x00000f43   Thumb Code    18  main.o(.text)
    key_thread                               0x00000f55   Thumb Code     2  main.o(.text)
    door_thread                              0x00000f57   Thumb Code    36  main.o(.text)
    gprs_reg                                 0x00000f7b   Thumb Code   120  main.o(.text)
    check_gprs_cmd_ack                       0x00000ff3   Thumb Code    36  main.o(.text)
    gprs_close_echo                          0x00001017   Thumb Code    92  main.o(.text)
    gprs_att                                 0x00001073   Thumb Code    92  main.o(.text)
    gprs_act                                 0x000010cf   Thumb Code    90  main.o(.text)
    gprs_connect_tcp                         0x00001129   Thumb Code    92  main.o(.text)
    gprs_trs_config                          0x00001185   Thumb Code   338  main.o(.text)
    gprs_trs_open                            0x000012d7   Thumb Code    92  main.o(.text)
    gprs_user_data                           0x00001333   Thumb Code    22  main.o(.text)
    gprs_close_tcp                           0x00001349   Thumb Code    14  main.o(.text)
    gprs_init                                0x00001357   Thumb Code    42  main.o(.text)
    gprs_reconnect_server                    0x00001381   Thumb Code    26  main.o(.text)
    iccard_module_reset                      0x0000139b   Thumb Code    26  main.o(.text)
    main                                     0x000013b5   Thumb Code   110  main.o(.text)
    __aeabi_uidiv                            0x00001475   Thumb Code     0  aeabi_sdiv.o(.text)
    __aeabi_uidivmod                         0x00001475   Thumb Code    20  aeabi_sdiv.o(.text)
    __aeabi_idiv                             0x00001489   Thumb Code     0  aeabi_sdiv.o(.text)
    __aeabi_idivmod                          0x00001489   Thumb Code   326  aeabi_sdiv.o(.text)
    __decompress                             0x000015cf   Thumb Code     0  __dclz77c.o(.text)
    __decompress2                            0x000015cf   Thumb Code    96  __dclz77c.o(.text)
    Region$$Table$$Base                      0x00001630   Number         0  anon$$obj.o(Region$$Table)
    Region$$Table$$Limit                     0x00001650   Number         0  anon$$obj.o(Region$$Table)
    SystemCoreClock                          0x10000000   Data           4  system_lpc8xx.o(.data)
    time_ms_close_door                       0x10000004   Data           4  main.o(.data)
    opendoor_flag                            0x10000008   Data           1  main.o(.data)
    whitelist_num                            0x10000009   Data           1  main.o(.data)
    uart_test                                0x1000000a   Data           1  main.o(.data)
    key_flag                                 0x1000000b   Data           1  main.o(.data)
    gprs                                     0x1000000c   Data           1  main.o(.data)
    mcu_voice_open_door                      0x1000000d   Data          28  main.o(.data)
    mcu_voice_close_door                     0x10000029   Data          19  main.o(.data)
    mcu_voice_add_whitelist_ok               0x1000003c   Data          16  main.o(.data)
    mcu_voice_add_blacklist_ok               0x1000004c   Data          16  main.o(.data)
    mcu_voice_report_whitelist_ok            0x1000005c   Data          16  main.o(.data)
    mcu_voice_poweron                        0x1000006c   Data          37  main.o(.data)
    gprs_voice_reg_ok                        0x10000091   Data          18  main.o(.data)
    gprs_voice_close_echo_ok                 0x100000a3   Data          18  main.o(.data)
    gprs_voice_att_ok                        0x100000b5   Data          22  main.o(.data)
    gprs_voice_act_ok                        0x100000cb   Data          18  main.o(.data)
    gprs_voice_connect_tcp_ok                0x100000dd   Data          23  main.o(.data)
    gprs_voice_trs_config_ok                 0x100000f4   Data          22  main.o(.data)
    gprs_voice_trs_open_ok                   0x1000010a   Data          22  main.o(.data)
    gprs_voice_user_data_send_ok             0x10000120   Data          26  main.o(.data)
    gprs_voice_user_data_recv_ok             0x1000013a   Data          24  main.o(.data)
    whitelist                                0x10000154   Data          64  main.o(.bss)
    uart0                                    0x10000194   Data        1013  main.o(.bss)
    uart1                                    0x10000589   Data        1013  main.o(.bss)
    uart2                                    0x1000097e   Data        1013  main.o(.bss)
    server                                   0x10000d73   Data         504  main.o(.bss)
    cmd_buf                                  0x10000f6b   Data          32  main.o(.bss)
    __libspace_start                         0x10000f8c   Data          96  libspace.o(.bss)
    __temporary_stack_top$libspace           0x10000fec   Data           0  libspace.o(.bss)



==============================================================================

Memory Map of the image

  Image Entry point : 0x000000c1

  Load Region LR_IROM1 (Base: 0x00000000, Size: 0x000017a4, Max: 0x00008000, ABSOLUTE, COMPRESSED[0x0000173c])

    Execution Region ER_IROM1 (Base: 0x00000000, Size: 0x00001650, Max: 0x00008000, ABSOLUTE)

    Base Addr    Size         Type   Attr      Idx    E Section Name        Object

    0x00000000   0x000000c0   Data   RO           49    RESET               startup_lpc82x.o
    0x000000c0   0x00000008   Code   RO          138  * !!!main             c_p.l(__main.o)
    0x000000c8   0x0000003c   Code   RO          308    !!!scatter          c_p.l(__scatter.o)
    0x00000104   0x0000001c   Code   RO          310    !!handler_zi        c_p.l(__scatter_zi.o)
    0x00000120   0x00000002   Code   RO          176    .ARM.Collect$$libinit$$00000000  c_p.l(libinit.o)
    0x00000122   0x00000000   Code   RO          190    .ARM.Collect$$libinit$$00000002  c_p.l(libinit2.o)
    0x00000122   0x00000000   Code   RO          192    .ARM.Collect$$libinit$$00000004  c_p.l(libinit2.o)
    0x00000122   0x00000000   Code   RO          195    .ARM.Collect$$libinit$$0000000A  c_p.l(libinit2.o)
    0x00000122   0x00000000   Code   RO          197    .ARM.Collect$$libinit$$0000000C  c_p.l(libinit2.o)
    0x00000122   0x00000000   Code   RO          199    .ARM.Collect$$libinit$$0000000E  c_p.l(libinit2.o)
    0x00000122   0x00000000   Code   RO          202    .ARM.Collect$$libinit$$00000011  c_p.l(libinit2.o)
    0x00000122   0x00000000   Code   RO          204    .ARM.Collect$$libinit$$00000013  c_p.l(libinit2.o)
    0x00000122   0x00000000   Code   RO          206    .ARM.Collect$$libinit$$00000015  c_p.l(libinit2.o)
    0x00000122   0x00000000   Code   RO          208    .ARM.Collect$$libinit$$00000017  c_p.l(libinit2.o)
    0x00000122   0x00000000   Code   RO          210    .ARM.Collect$$libinit$$00000019  c_p.l(libinit2.o)
    0x00000122   0x00000000   Code   RO          212    .ARM.Collect$$libinit$$0000001B  c_p.l(libinit2.o)
    0x00000122   0x00000000   Code   RO          214    .ARM.Collect$$libinit$$0000001D  c_p.l(libinit2.o)
    0x00000122   0x00000000   Code   RO          216    .ARM.Collect$$libinit$$0000001F  c_p.l(libinit2.o)
    0x00000122   0x00000000   Code   RO          218    .ARM.Collect$$libinit$$00000021  c_p.l(libinit2.o)
    0x00000122   0x00000000   Code   RO          220    .ARM.Collect$$libinit$$00000023  c_p.l(libinit2.o)
    0x00000122   0x00000000   Code   RO          222    .ARM.Collect$$libinit$$00000025  c_p.l(libinit2.o)
    0x00000122   0x00000000   Code   RO          226    .ARM.Collect$$libinit$$0000002C  c_p.l(libinit2.o)
    0x00000122   0x00000000   Code   RO          228    .ARM.Collect$$libinit$$0000002E  c_p.l(libinit2.o)
    0x00000122   0x00000000   Code   RO          230    .ARM.Collect$$libinit$$00000030  c_p.l(libinit2.o)
    0x00000122   0x00000000   Code   RO          232    .ARM.Collect$$libinit$$00000032  c_p.l(libinit2.o)
    0x00000122   0x00000002   Code   RO          233    .ARM.Collect$$libinit$$00000033  c_p.l(libinit2.o)
    0x00000124   0x00000002   Code   RO          264    .ARM.Collect$$libshutdown$$00000000  c_p.l(libshutdown.o)
    0x00000126   0x00000000   Code   RO          291    .ARM.Collect$$libshutdown$$00000003  c_p.l(libshutdown2.o)
    0x00000126   0x00000000   Code   RO          294    .ARM.Collect$$libshutdown$$00000006  c_p.l(libshutdown2.o)
    0x00000126   0x00000000   Code   RO          297    .ARM.Collect$$libshutdown$$00000009  c_p.l(libshutdown2.o)
    0x00000126   0x00000000   Code   RO          299    .ARM.Collect$$libshutdown$$0000000B  c_p.l(libshutdown2.o)
    0x00000126   0x00000000   Code   RO          302    .ARM.Collect$$libshutdown$$0000000E  c_p.l(libshutdown2.o)
    0x00000126   0x00000002   Code   RO          303    .ARM.Collect$$libshutdown$$0000000F  c_p.l(libshutdown2.o)
    0x00000128   0x00000000   Code   RO          140    .ARM.Collect$$rtentry$$00000000  c_p.l(__rtentry.o)
    0x00000128   0x00000000   Code   RO          146    .ARM.Collect$$rtentry$$00000002  c_p.l(__rtentry2.o)
    0x00000128   0x00000006   Code   RO          158    .ARM.Collect$$rtentry$$00000004  c_p.l(__rtentry4.o)
    0x0000012e   0x00000000   Code   RO          148    .ARM.Collect$$rtentry$$00000009  c_p.l(__rtentry2.o)
    0x0000012e   0x00000004   Code   RO          149    .ARM.Collect$$rtentry$$0000000A  c_p.l(__rtentry2.o)
    0x00000132   0x00000000   Code   RO          151    .ARM.Collect$$rtentry$$0000000C  c_p.l(__rtentry2.o)
    0x00000132   0x00000008   Code   RO          152    .ARM.Collect$$rtentry$$0000000D  c_p.l(__rtentry2.o)
    0x0000013a   0x00000002   Code   RO          181    .ARM.Collect$$rtexit$$00000000  c_p.l(rtexit.o)
    0x0000013c   0x00000000   Code   RO          237    .ARM.Collect$$rtexit$$00000002  c_p.l(rtexit2.o)
    0x0000013c   0x00000004   Code   RO          238    .ARM.Collect$$rtexit$$00000003  c_p.l(rtexit2.o)
    0x00000140   0x00000006   Code   RO          239    .ARM.Collect$$rtexit$$00000004  c_p.l(rtexit2.o)
    0x00000146   0x00000002   PAD
    0x00000148   0x00000038   Code   RO          126    .emb_text           c_p.l(rt_memcpy.o)
    0x00000180   0x00000034   Code   RO           51    .text               startup_lpc82x.o
    0x000001b4   0x00000082   Code   RO          127    .text               c_p.l(rt_memcpy.o)
    0x00000236   0x00000040   Code   RO          130    .text               c_p.l(rt_memclr.o)
    0x00000276   0x00000006   Code   RO          136    .text               c_p.l(heapauxi.o)
    0x0000027c   0x0000003e   Code   RO          162    .text               c_p.l(sys_stackheap_outer.o)
    0x000002ba   0x0000000c   Code   RO          165    .text               c_p.l(exit.o)
    0x000002c6   0x00000002   PAD
    0x000002c8   0x00000008   Code   RO          177    .text               c_p.l(libspace.o)
    0x000002d0   0x0000000c   Code   RO          234    .text               c_p.l(sys_exit.o)
    0x000002dc   0x00000002   Code   RO          253    .text               c_p.l(use_no_semi.o)
    0x000002de   0x00000000   Code   RO          255    .text               c_p.l(indicate_semi.o)
    0x000002de   0x0000001c   Code   RO           22    i.__ARM_common_switch8  system_lpc8xx.o
    0x000002fa   0x00000002   PAD
    0x000002fc   0x00000004   Code   RO           50    .ARM.__at_0x02FC    startup_lpc82x.o
    0x00000300   0x00000224   Code   RO            3    .text               system_lpc8xx.o
    0x00000524   0x00000f50   Code   RO           59    .text               main.o
    0x00001474   0x0000015a   Code   RO          132    .text               c_p.l(aeabi_sdiv.o)
    0x000015ce   0x00000060   Code   RO          306    .text               c_p.l(__dclz77c.o)
    0x0000162e   0x00000002   PAD
    0x00001630   0x00000020   Data   RO          304    Region$$Table       anon$$obj.o


    Execution Region RW_IRAM1 (Base: 0x10000000, Size: 0x000011f0, Max: 0x00002000, ABSOLUTE, COMPRESSED[0x000000ec])

    Base Addr    Size         Type   Attr      Idx    E Section Name        Object

    0x10000000   0x00000004   Data   RW            4    .data               system_lpc8xx.o
    0x10000004   0x0000014e   Data   RW           61    .data               main.o
    0x10000152   0x00000002   PAD
    0x10000154   0x00000e37   Zero   RW           60    .bss                main.o
    0x10000f8b   0x00000001   PAD
    0x10000f8c   0x00000060   Zero   RW          178    .bss                c_p.l(libspace.o)
    0x10000fec   0x00000004   PAD
    0x10000ff0   0x00000000   Zero   RW           48    HEAP                startup_lpc82x.o
    0x10000ff0   0x00000200   Zero   RW           47    STACK               startup_lpc82x.o


==============================================================================

Image component sizes


      Code (inc. data)   RO Data    RW Data    ZI Data      Debug   Object Name

      3920        466          0        334       3639      32631   main.o
        56         28        192          0        512        784   startup_lpc82x.o
       576         98          0          4          0       6665   system_lpc8xx.o

    ----------------------------------------------------------------------
      4554        592        224        340       4152      40080   Object Totals
         0          0         32          0          0          0   (incl. Generated)
         2          0          0          2          1          0   (incl. Padding)

    ----------------------------------------------------------------------

      Code (inc. data)   RO Data    RW Data    ZI Data      Debug   Library Member Name

        96          0          0          0          0          0   __dclz77c.o
         8          0          0          0          0         68   __main.o
         0          0          0          0          0          0   __rtentry.o
        12          0          0          0          0          0   __rtentry2.o
         6          0          0          0          0          0   __rtentry4.o
        60          8          0          0          0          0   __scatter.o
        28          0          0          0          0          0   __scatter_zi.o
       346          0          0          0          0         92   aeabi_sdiv.o
        12          0          0          0          0         64   exit.o
         6          0          0          0          0        136   heapauxi.o
         0          0          0          0          0          0   indicate_semi.o
         2          0          0          0          0          0   libinit.o
         2          0          0          0          0          0   libinit2.o
         2          0          0          0          0          0   libshutdown.o
         2          0          0          0          0          0   libshutdown2.o
         8          4          0          0         96         68   libspace.o
        64          0          0          0          0        108   rt_memclr.o
       186          0          0          0          0        144   rt_memcpy.o
         2          0          0          0          0          0   rtexit.o
        10          0          0          0          0          0   rtexit2.o
        12          4          0          0          0         60   sys_exit.o
        62          0          0          0          0         80   sys_stackheap_outer.o
         2          0          0          0          0         68   use_no_semi.o

    ----------------------------------------------------------------------
       934         16          0          0        100        888   Library Totals
         6          0          0          0          4          0   (incl. Padding)

    ----------------------------------------------------------------------

      Code (inc. data)   RO Data    RW Data    ZI Data      Debug   Library Name

       928         16          0          0         96        888   c_p.l

    ----------------------------------------------------------------------
       934         16          0          0        100        888   Library Totals

    ----------------------------------------------------------------------

==============================================================================


      Code (inc. data)   RO Data    RW Data    ZI Data      Debug   

      5488        608        224        340       4252      40556   Grand Totals
      5488        608        224        236       4252      40556   ELF Image Totals (compressed)
      5488        608        224        236          0          0   ROM Totals

==============================================================================

    Total RO  Size (Code + RO Data)                 5712 (   5.58kB)
    Total RW  Size (RW Data + ZI Data)              4592 (   4.48kB)
    Total ROM Size (Code + RO Data + RW Data)       5948 (   5.81kB)

==============================================================================

