<html>
<body>
<pre>
<h1>礦ision Build Log</h1>
<h2>Tool Versions:</h2>
IDE-Version: μVision V5.12.0.0
Copyright (C) 2014 ARM Ltd and ARM Germany GmbH. All rights reserved.
License Information: wang jack, nokia, LIC=----
 
Tool Versions:
Toolchain:       MDK-Lite  Version: 5.12.0.0
Toolchain Path:  C:\Keil_v5\ARM\ARMCC\Bin
C Compiler:      Armcc.exe V5.05 (build 41)
Assembler:       Armasm.exe V5.05 (build 41)
Linker/Locator:  ArmLink.exe V5.05 (build 41)
Library Manager: ArmAr.exe V5.05 (build 41)
Hex Converter:   FromElf.exe V5.05 (build 41)
CPU DLL:         SARMCM3.DLL V5.12.0.0
Dialog DLL:      DARMCM1.DLL V1.11.00.0
    Target DLL: Segger\JL2CM3.dll
Dialog DLL:      TARMCM1.DLL V1.08.00.0
 
<h2>Project:</h2>
Z:\sihan\lpc\gateway\SIHAN_LPC824_Gateway.uvprojx
Project File Date:  04/08/2017

<h2>Output:</h2>
Rebuild target 'gateway'
compiling system_LPC8xx.c...
compiling uart.c...
LPC8xx\uart.c(180): warning:  #61-D: integer operation result is out of range
      LPC_SWM->PINASSIGN[2] &= ~( 0xFFFF << 16 );
LPC8xx\uart.c: 1 warning, 0 errors
assembling startup_lpc82x.s...
compiling timer.c...
compiling main.c...
compiling queue.c...
compiling gprs.c...
user_code\gprs.c(164): warning:  #177-D: variable "close_tcp_cmd" was declared but never referenced
        u8 close_tcp_cmd[]="AT+CIPCLOSE\r\n";
user_code\gprs.c: 1 warning, 0 errors
linking...
Program Size: Code=5864 RO-data=224 RW-data=12 ZI-data=4364  
FromELF: creating hex file...
".\Objects\SIHAN_LPC824_Gateway.axf" - 0 Error(s), 2 Warning(s).

<h2>Collection of Component include folders:</h2>
  Z:\sihan\lpc\gateway\RTE
  C:\Keil_v5\ARM\PACK\Keil\LPC800_DFP\1.1.0\Device\Include

<h2>Collection of Component Files used:</h2>
2>
  Z:\sihan\lpc\gateway\RTE
  C:\Keil_v5\ARM\PACK\Keil\LPC800_DFP\1.1.0\Device\Include

<h2>Collection of Component Files used:</h2>
arnings, 1 error
compiling gprs.c...
.\include\gprs.h(40): error:  #20: identifier "errno_t" is undefined
  errno_t check_gprs_cmd_ack(u8 *ok, u8 *ack_from_gprs);
user_code\gprs.c(164): warning:  #177-D: variable "close_tcp_cmd" was declared but never referenced
        u8 close_tcp_cmd[]="AT+CIPCLOSE\r\n";
user_code\gprs.c: 1 warning, 1 error
".\Objects\SIHAN_LPC824_Gateway.axf" - 5 Error(s), 3 Warning(s).

<h2>Collection of Component include folders:</h2>
  Z:\sihan\lpc\gateway\RTE
  C:\Keil_v5\ARM\PACK\Keil\LPC800_DFP\1.1.0\Device\Include

<h2>Collection of Component Files used:</h2>
Target not created.
plicitly
        delay_ms(1);
user_code\main.c(358): warning:  #223-D: function "delay_ms" declared implicitly
        delay_ms(1);
user_code\main.c(381): warning:  #223-D: function "delay_ms" declared implicitly
        delay_ms(20);//must be more than 10ms
user_code\main.c(387): warning:  #223-D: function "delay_ms" declared implicitly
        delay_ms(1000);
user_code\main.c(396): warning:  #223-D: function "delay_ms" declared implicitly
        delay_ms(3500);//must be more than 3s
user_code\main.c(409): warning:  #223-D: function "delay_ms" declared implicitly
        delay_ms(1);
user_code\main.c(420): warning:  #223-D: function "delay_ms" declared implicitly
        delay_ms(250);//must be more than 200ms
user_code\main.c(426): warning:  #223-D: function "delay_ms" declared implicitly
        delay_ms(1000);
user_code\main.c(435): warning:  #223-D: function "delay_ms" declared implicitly
        delay_ms(1);
user_code\main.c(443): warning:  #223-D: function "delay_ms" declared implicitly
                delay_ms(10);//waiting until the packet done
user_code\main.c(494): warning:  #223-D: function "delay_ms" declared implicitly
        delay_ms(500);
user_code\main.c(545): warning:  #223-D: function "delay_ms" declared implicitly
        delay_ms(1000);//if test this in main-loop, the delay must be needed.
user_code\main.c(553): warning:  #223-D: function "delay_ms" declared implicitly
        delay_ms(1000);
user_code\main.c(603): warning:  #223-D: function "delay_ms" declared implicitly
        delay_ms(1000);
user_code\main.c(625): warning:  #223-D: function "delay_ms" declared implicitly
        delay_ms(1000);
user_code\main.c(716): warning:  #223-D: function "delay_ms" declared implicitly
                delay_ms(WIFI_RECV_TIME);/*wifi 模块全功耗模式大概10ms接收完毕，若低功耗模式可能需要200ms*/
user_code\main.c(848): warning:  #223-D: function "delay_ms" declared implicitly
                delay_ms(20);/*TBD*/
user_code\main.c(905): warning:  #223-D: function "delay_ms" declared implicitly
        delay_ms(10000);
user_code\main.c(922): warning:  #223-D: function "delay_ms" declared implicitly
        delay_ms(100);//system poweron,for gprs
user_code\main.c(925): warning:  #223-D: function "WKTInit" declared implicitly
        WKTInit();
user_code\main.c: 27 warnings, 1 error
compiling queue.c...
.\include\gprs.h(40): error:  #20: identifier "errno_t" is undefined
  errno_t check_gprs_cmd_ack(u8 *ok, u8 *ack_from_gprs);
user_code\queue.c: 0 warnings, 1 error
compiling gprs.c...
.\include\gprs.h(40): error:  #20: identifier "errno_t" is undefined
  errno_t check_gprs_cmd_ack(u8 *ok, u8 *ack_from_gprs);
user_code\gprs.c(164): warning:  #177-D: variable "close_tcp_cmd" was declared but never referenced
        u8 close_tcp_cmd[]="AT+CIPCLOSE\r\n";
user_code\gprs.c: 1 warning, 1 error
".\Objects\SIHAN_LPC824_Gateway.axf" - 5 Error(s), 29 Warning(s).

<h2>Collection of Component include folders:</h2>
  Z:\sihan\lpc\gateway\RTE
  C:\Keil_v5\ARM\PACK\Keil\LPC800_DFP\1.1.0\Device\Include

<h2>Collection of Component Files used:</h2>
Target not created.
de\gprs.c(103): warning:  #223-D: function "delay_ms" declared implicitly
                delay_ms(3000);
user_code\gprs.c(122): warning:  #223-D: function "delay_ms" declared implicitly
                delay_ms(1000);
user_code\gprs.c(141): warning:  #223-D: function "delay_ms" declared implicitly
                delay_ms(1000);
user_code\gprs.c(162): warning:  #177-D: variable "close_tcp_cmd" was declared but never referenced
        u8 close_tcp_cmd[]="AT+CIPCLOSE\r\n";
user_code\gprs.c: 8 warnings, 1 error
".\Objects\SIHAN_LPC824_Gateway.axf" - 5 Error(s), 36 Warning(s).

<h2>Collection of Component include folders:</h2>
  Z:\sihan\lpc\gateway\RTE
  C:\Keil_v5\ARM\PACK\Keil\LPC800_DFP\1.1.0\Device\Include

<h2>Collection of Component Files used:</h2>
Target not created.
mplicitly
        UART1Init();
user_code\main.c(1195): warning:  #223-D: function "UART2Init" declared implicitly
        UART2Init();
user_code\main.c: 41 warnings, 0 errors
compiling queue.c...
linking...
Program Size: Code=6820 RO-data=224 RW-data=12 ZI-data=4364  
FromELF: creating hex file...
".\Objects\SIHAN_LPC824_Gateway.axf" - 0 Error(s), 42 Warning(s).

<h2>Collection of Component include folders:</h2>
  Z:\sihan\lpc\gateway\RTE
  C:\Keil_v5\ARM\PACK\Keil\LPC800_DFP\1.1.0\Device\Include

<h2>Collection of Component Files used:</h2>

        uart0_sendbuf(cmd3_buf, sizeof(cmd3_buf));
user_code\main.c(852): warning:  #223-D: function "uart0_sendbuf" declared implicitly
        uart0_sendbuf(buf,sizeof(buf));
user_code\main.c(918): warning:  #223-D: function "uart2_sendbuf" declared implicitly
        send2server(sp.sp0, SERVER_PACKET_SIZE);
user_code\main.c(945): warning:  #223-D: function "uart0_sendbuf" declared implicitly
        send2lock(lpkt.lpkt0, sizeof(lpkt_u));
user_code\main.c(979): error:  #20: identifier "uart2" is undefined
        if (uart2.rflag == 1){
user_code\main.c(1061): warning:  #223-D: function "uart2_sendbuf" declared implicitly
        send2server(sp.sp0, sizeof(sp_u));
user_code\main.c(1076): warning:  #223-D: function "uart0_sendbuf" declared implicitly
        send2lock(lp.lpkt0, LOCK_PACKET_SIZE);
user_code\main.c(1111): error:  #20: identifier "uart0" is undefined
        if (uart0.rflag == 1){
user_code\main.c(1169): warning:  #223-D: function "uart2_sendbuf" declared implicitly
        send2server(sp_u.sp0, sizeof(sp_u));
user_code\main.c(1192): warning:  #223-D: function "UART0Init" declared implicitly
        UART0Init();
user_code\main.c(1193): warning:  #223-D: function "UART1Init" declared implicitly
        UART1Init();
user_code\main.c(1194): warning:  #223-D: function "UART2Init" declared implicitly
        UART2Init();
user_code\main.c: 41 warnings, 17 errors
compiling queue.c...
".\Objects\SIHAN_LPC824_Gateway.axf" - 17 Error(s), 42 Warning(s).

<h2>Collection of Component include folders:</h2>
  Z:\sihan\lpc\gateway\RTE
  C:\Keil_v5\ARM\PACK\Keil\LPC800_DFP\1.1.0\Device\Include

<h2>Collection of Component Files used:</h2>
Target not created.
