<html>
<body>
<pre>
<h1>µVision Build Log</h1>
<h2>Tool Versions:</h2>
IDE-Version: ¦ÌVision V5.12.0.0
Copyright (C) 2014 ARM Ltd and ARM Germany GmbH. All rights reserved.
License Information: wang jack, nokia, LIC=----
 
Tool Versions:
Toolchain:       MDK-Lite  Version: 5.12.0.0
Toolchain Path:  C:\Keil_v5\ARM\ARMCC\Bin
C Compiler:      Armcc.exe V5.05 (build 41)
Assembler:       Armasm.exe V5.05 (build 41)
Linker/Locator:  ArmLink.exe V5.05 (build 41)
Library Manager: ArmAr.exe V5.05 (build 41)
Hex Converter:   FromElf.exe V5.05 (build 41)
CPU DLL:         SARMCM3.DLL V5.12.0.0
Dialog DLL:      DARMCM1.DLL V1.11.00.0
    Target DLL: Segger\JL2CM3.dll
Dialog DLL:      TARMCM1.DLL V1.08.00.0
 
<h2>Project:</h2>
C:\Users\jack\Desktop\sihan_lock\SIHAN_LPC824_LOCK.uvprojx
Project File Date:  11/16/2016

<h2>Output:</h2>
Rebuild target 'DebugInFlash'
compiling system_LPC8xx.c...
assembling startup_lpc82x.s...
compiling main.c...
USER CODE\main.c(143): warning:  #1295-D: Deprecated declaration report_iccardwhitelist - give arg types
  void report_iccardwhitelist();
USER CODE\main.c(324): warning:  #61-D: integer operation result is out of range
      LPC_SWM->PINASSIGN[2] &= ~( 0xFFFF << 16 );
USER CODE\main.c(1487): warning:  #177-D: variable "close_tcp_cmd" was declared but never referenced
        u8 close_tcp_cmd[]="AT+CIPCLOSE\r\n";
USER CODE\main.c: 3 warnings, 0 errors
compiling IAP.c...
linking...
Program Size: Code=5488 RO-data=224 RW-data=340 ZI-data=4252  
FromELF: creating hex file...
".\Out\DebugInFlash\SIHAN_LPC824_LOCK.axf" - 0 Error(s), 3 Warning(s).

<h2>Collection of Component include folders:</h2>
  C:\Users\jack\Desktop\sihan_lock\RTE
  C:\Keil_v5\ARM\PACK\Keil\LPC800_DFP\1.1.0\Device\Include

<h2>Collection of Component Files used:</h2>
</pre>
</body>
</html>
