Component: ARM Compiler 5.05 (build 41) Tool: armlink [4d0eb9]

==============================================================================

Section Cross References

    system_lpc8xx.o(.text) refers to system_lpc8xx.o(i.__ARM_common_switch8) for __ARM_common_switch8
    system_lpc8xx.o(.text) refers to aeabi_sdiv.o(.text) for __aeabi_uidivmod
    system_lpc8xx.o(.text) refers to system_lpc8xx.o(.data) for SystemCoreClock
    uart.o(.text) refers to aeabi_sdiv.o(.text) for __aeabi_uidivmod
    uart.o(.text) refers to rt_memclr.o(.text) for __aeabi_memclr
    uart.o(.text) refers to rt_memcpy.o(.text) for __aeabi_memcpy
    uart.o(.text) refers to system_lpc8xx.o(.data) for SystemCoreClock
    uart.o(.text) refers to uart.o(.bss) for uart0
    startup_lpc82x.o(STACK) refers (Special) to heapauxi.o(.text) for __use_two_region_memory
    startup_lpc82x.o(HEAP) refers (Special) to heapauxi.o(.text) for __use_two_region_memory
    startup_lpc82x.o(RESET) refers (Special) to heapauxi.o(.text) for __use_two_region_memory
    startup_lpc82x.o(RESET) refers to startup_lpc82x.o(STACK) for __initial_sp
    startup_lpc82x.o(RESET) refers to startup_lpc82x.o(.text) for Reset_Handler
    startup_lpc82x.o(RESET) refers to uart.o(.text) for UART0_IRQHandler
    startup_lpc82x.o(.ARM.__at_0x02FC) refers (Special) to heapauxi.o(.text) for __use_two_region_memory
    startup_lpc82x.o(.text) refers (Special) to heapauxi.o(.text) for __use_two_region_memory
    startup_lpc82x.o(.text) refers to system_lpc8xx.o(.text) for SystemInit
    startup_lpc82x.o(.text) refers to __main.o(!!!main) for __main
    startup_lpc82x.o(.text) refers to startup_lpc82x.o(HEAP) for Heap_Mem
    startup_lpc82x.o(.text) refers to startup_lpc82x.o(STACK) for Stack_Mem
    gpio.o(.text) refers to led.o(.text) for gpio_init_beep
    gpio.o(.text) refers to rf433m.o(.text) for gpio_init_rf433m_mode
    gpio.o(.text) refers to wifi.o(.text) for gpio_init_wifi
    main.o(.text) refers to timer.o(.text) for delay_ms
    main.o(.text) refers to uart.o(.text) for uart2_sendbuf
    main.o(.text) refers to gpio.o(.text) for gpio_ctrl
    main.o(.text) refers to aeabi_sdiv.o(.text) for __aeabi_uidivmod
    main.o(.text) refers to rt_memclr.o(.text) for __aeabi_memclr
    main.o(.text) refers to uart.o(.bss) for uart0
    main.o(.text) refers to gprs.o(.data) for gprs
    main.o(.text) refers to system_lpc8xx.o(.data) for SystemCoreClock
    main.o(.text) refers to main.o(.data) for gw_addr_channel
    main.o(.text) refers to rt_memcpy.o(.text) for __aeabi_memcpy
    main.o(.text) refers to rt_memcpy.o(.emb_text) for __aeabi_memcpy4
    main.o(.text) refers to memcmp.o(.text) for memcmp
    main.o(.text) refers to aeabi_memset.o(.text) for __aeabi_memset
    main.o(.text) refers to queue.o(.text) for Enqueue
    main.o(.text) refers to main.o(.bss) for sq
    main.o(.text) refers to system_lpc8xx.o(.text) for SystemInit
    gprs.o(.text) refers to rt_memclr.o(.text) for __aeabi_memclr
    gprs.o(.text) refers to uart.o(.text) for uart1_sendbuf
    gprs.o(.text) refers to timer.o(.text) for delay_ms
    gprs.o(.text) refers to rt_memcpy.o(.emb_text) for __aeabi_memcpy4
    gprs.o(.text) refers to gprs.o(.data) for gprs
    gprs.o(.text) refers to uart.o(.bss) for uart1
    rf433m.o(.text) refers to gpio.o(.text) for gpio_dir
    wifi.o(.text) refers to gpio.o(.text) for gpio_dir
    led.o(.text) refers to gpio.o(.text) for gpio_dir
    rt_memcpy.o(.text) refers to rt_memcpy.o(.emb_text) for __aeabi_memcpy4
    aeabi_memset.o(.text) refers to rt_memclr.o(.text) for _memset
    __main.o(!!!main) refers to __rtentry.o(.ARM.Collect$$rtentry$$00000000) for __rt_entry
    __rtentry.o(.ARM.Collect$$rtentry$$00000000) refers (Special) to __rtentry2.o(.ARM.Collect$$rtentry$$0000000A) for __rt_entry_li
    __rtentry.o(.ARM.Collect$$rtentry$$00000000) refers (Special) to __rtentry2.o(.ARM.Collect$$rtentry$$0000000D) for __rt_entry_main
    __rtentry.o(.ARM.Collect$$rtentry$$00000000) refers (Special) to __rtentry2.o(.ARM.Collect$$rtentry$$0000000C) for __rt_entry_postli_1
    __rtentry.o(.ARM.Collect$$rtentry$$00000000) refers (Special) to __rtentry2.o(.ARM.Collect$$rtentry$$00000009) for __rt_entry_postsh_1
    __rtentry.o(.ARM.Collect$$rtentry$$00000000) refers (Special) to __rtentry2.o(.ARM.Collect$$rtentry$$00000002) for __rt_entry_presh_1
    __rtentry.o(.ARM.Collect$$rtentry$$00000000) refers (Special) to __rtentry4.o(.ARM.Collect$$rtentry$$00000004) for __rt_entry_sh
    aeabi_idiv0_sigfpe.o(.text) refers to rt_div0.o(.text) for __rt_div0
    __rtentry2.o(.ARM.Collect$$rtentry$$00000008) refers to boardinit2.o(.text) for _platform_post_stackheap_init
    __rtentry2.o(.ARM.Collect$$rtentry$$0000000A) refers to libinit.o(.ARM.Collect$$libinit$$00000000) for __rt_lib_init
    __rtentry2.o(.ARM.Collect$$rtentry$$0000000B) refers to boardinit3.o(.text) for _platform_post_lib_init
    __rtentry2.o(.ARM.Collect$$rtentry$$0000000D) refers to main.o(.text) for main
    __rtentry2.o(.ARM.Collect$$rtentry$$0000000D) refers to exit.o(.text) for exit
    __rtentry2.o(.ARM.exidx) refers to __rtentry2.o(.ARM.Collect$$rtentry$$00000001) for .ARM.Collect$$rtentry$$00000001
    __rtentry2.o(.ARM.exidx) refers to __rtentry2.o(.ARM.Collect$$rtentry$$00000008) for .ARM.Collect$$rtentry$$00000008
    __rtentry2.o(.ARM.exidx) refers to __rtentry2.o(.ARM.Collect$$rtentry$$0000000A) for .ARM.Collect$$rtentry$$0000000A
    __rtentry2.o(.ARM.exidx) refers to __rtentry2.o(.ARM.Collect$$rtentry$$0000000B) for .ARM.Collect$$rtentry$$0000000B
    __rtentry2.o(.ARM.exidx) refers to __rtentry2.o(.ARM.Collect$$rtentry$$0000000D) for .ARM.Collect$$rtentry$$0000000D
    __rtentry4.o(.ARM.Collect$$rtentry$$00000004) refers to sys_stackheap_outer.o(.text) for __user_setup_stackheap
    __rtentry4.o(.ARM.exidx) refers to __rtentry4.o(.ARM.Collect$$rtentry$$00000004) for .ARM.Collect$$rtentry$$00000004
    rt_div0.o(.text) refers to defsig_fpe_outer.o(.text) for __rt_SIGFPE
    sys_stackheap_outer.o(.text) refers to libspace.o(.text) for __user_perproc_libspace
    sys_stackheap_outer.o(.text) refers to startup_lpc82x.o(.text) for __user_initial_stackheap
    sys_stackheap_outer.o(__vectab_stack_and_reset_area) refers to tempstk.o(.text) for __temporary_stack_top
    sys_stackheap_outer.o(__vectab_stack_and_reset_area) refers to __main.o(!!!main) for __main
    exit.o(.text) refers to rtexit.o(.ARM.Collect$$rtexit$$00000000) for __rt_exit
    defsig_fpe_outer.o(.text) refers to defsig_fpe_inner.o(.text) for __rt_SIGFPE_inner
    defsig_fpe_outer.o(.text) refers to defsig_exit.o(.text) for __sig_exit
    defsig_fpe_formal.o(.text) refers to rt_raise.o(.text) for __rt_raise
    libinit.o(.ARM.Collect$$libinit$$00000000) refers (Special) to libinit2.o(.ARM.Collect$$libinit$$0000002E) for __rt_lib_init_alloca_1
    libinit.o(.ARM.Collect$$libinit$$00000000) refers (Special) to libinit2.o(.ARM.Collect$$libinit$$0000002C) for __rt_lib_init_argv_1
    libinit.o(.ARM.Collect$$libinit$$00000000) refers (Special) to libinit2.o(.ARM.Collect$$libinit$$0000001B) for __rt_lib_init_atexit_1
    libinit.o(.ARM.Collect$$libinit$$00000000) refers (Special) to libinit2.o(.ARM.Collect$$libinit$$00000021) for __rt_lib_init_clock_1
    libinit.o(.ARM.Collect$$libinit$$00000000) refers (Special) to libinit2.o(.ARM.Collect$$libinit$$00000032) for __rt_lib_init_cpp_1
    libinit.o(.ARM.Collect$$libinit$$00000000) refers (Special) to libinit2.o(.ARM.Collect$$libinit$$00000030) for __rt_lib_init_exceptions_1
    libinit.o(.ARM.Collect$$libinit$$00000000) refers (Special) to libinit2.o(.ARM.Collect$$libinit$$00000002) for __rt_lib_init_fp_1
    libinit.o(.ARM.Collect$$libinit$$00000000) refers (Special) to libinit2.o(.ARM.Collect$$libinit$$0000001F) for __rt_lib_init_fp_trap_1
    libinit.o(.ARM.Collect$$libinit$$00000000) refers (Special) to libinit2.o(.ARM.Collect$$libinit$$00000023) for __rt_lib_init_getenv_1
    libinit.o(.ARM.Collect$$libinit$$00000000) refers (Special) to libinit2.o(.ARM.Collect$$libinit$$0000000A) for __rt_lib_init_heap_1
    libinit.o(.ARM.Collect$$libinit$$00000000) refers (Special) to libinit2.o(.ARM.Collect$$libinit$$00000011) for __rt_lib_init_lc_collate_1
    libinit.o(.ARM.Collect$$libinit$$00000000) refers (Special) to libinit2.o(.ARM.Collect$$libinit$$00000013) for __rt_lib_init_lc_ctype_1
    libinit.o(.ARM.Collect$$libinit$$00000000) refers (Special) to libinit2.o(.ARM.Collect$$libinit$$00000015) for __rt_lib_init_lc_monetary_1
    libinit.o(.ARM.Collect$$libinit$$00000000) refers (Special) to libinit2.o(.ARM.Collect$$libinit$$00000017) for __rt_lib_init_lc_numeric_1
    libinit.o(.ARM.Collect$$libinit$$00000000) refers (Special) to libinit2.o(.ARM.Collect$$libinit$$00000019) for __rt_lib_init_lc_time_1
    libinit.o(.ARM.Collect$$libinit$$00000000) refers (Special) to libinit2.o(.ARM.Collect$$libinit$$00000004) for __rt_lib_init_preinit_1
    libinit.o(.ARM.Collect$$libinit$$00000000) refers (Special) to libinit2.o(.ARM.Collect$$libinit$$0000000E) for __rt_lib_init_rand_1
    libinit.o(.ARM.Collect$$libinit$$00000000) refers (Special) to libinit2.o(.ARM.Collect$$libinit$$00000033) for __rt_lib_init_return
    libinit.o(.ARM.Collect$$libinit$$00000000) refers (Special) to libinit2.o(.ARM.Collect$$libinit$$0000001D) for __rt_lib_init_signal_1
    libinit.o(.ARM.Collect$$libinit$$00000000) refers (Special) to libinit2.o(.ARM.Collect$$libinit$$00000025) for __rt_lib_init_stdio_1
    libinit.o(.ARM.Collect$$libinit$$00000000) refers (Special) to libinit2.o(.ARM.Collect$$libinit$$0000000C) for __rt_lib_init_user_alloc_1
    libspace.o(.text) refers to libspace.o(.bss) for __libspace_start
    rtexit.o(.ARM.Collect$$rtexit$$00000000) refers (Special) to rtexit2.o(.ARM.Collect$$rtexit$$00000004) for __rt_exit_exit
    rtexit.o(.ARM.Collect$$rtexit$$00000000) refers (Special) to rtexit2.o(.ARM.Collect$$rtexit$$00000003) for __rt_exit_ls
    rtexit.o(.ARM.Collect$$rtexit$$00000000) refers (Special) to rtexit2.o(.ARM.Collect$$rtexit$$00000002) for __rt_exit_prels_1
    rtexit.o(.ARM.exidx) refers (Special) to rtexit2.o(.ARM.Collect$$rtexit$$00000004) for __rt_exit_exit
    rtexit.o(.ARM.exidx) refers (Special) to rtexit2.o(.ARM.Collect$$rtexit$$00000003) for __rt_exit_ls
    rtexit.o(.ARM.exidx) refers (Special) to rtexit2.o(.ARM.Collect$$rtexit$$00000002) for __rt_exit_prels_1
    rtexit.o(.ARM.exidx) refers to rtexit.o(.ARM.Collect$$rtexit$$00000000) for .ARM.Collect$$rtexit$$00000000
    rt_raise.o(.text) refers to __raise.o(.text) for __raise
    rt_raise.o(.text) refers to sys_exit.o(.text) for _sys_exit
    defsig_exit.o(.text) refers to sys_exit.o(.text) for _sys_exit
    defsig_fpe_inner.o(.text) refers to defsig_general.o(.text) for __default_signal_display
    libinit2.o(.ARM.Collect$$libinit$$00000010) refers to libinit2.o(.ARM.Collect$$libinit$$0000000F) for .ARM.Collect$$libinit$$0000000F
    libinit2.o(.ARM.Collect$$libinit$$00000012) refers to libinit2.o(.ARM.Collect$$libinit$$0000000F) for .ARM.Collect$$libinit$$0000000F
    libinit2.o(.ARM.Collect$$libinit$$00000014) refers to libinit2.o(.ARM.Collect$$libinit$$0000000F) for .ARM.Collect$$libinit$$0000000F
    libinit2.o(.ARM.Collect$$libinit$$00000016) refers to libinit2.o(.ARM.Collect$$libinit$$0000000F) for .ARM.Collect$$libinit$$0000000F
    libinit2.o(.ARM.Collect$$libinit$$00000018) refers to libinit2.o(.ARM.Collect$$libinit$$0000000F) for .ARM.Collect$$libinit$$0000000F
    libinit2.o(.ARM.Collect$$libinit$$00000026) refers to argv_veneer.o(.text) for __ARM_argv_veneer
    libinit2.o(.ARM.Collect$$libinit$$00000027) refers to argv_veneer.o(.text) for __ARM_argv_veneer
    sys_exit.o(.text) refers (Special) to use_no_semi.o(.text) for __I$use$semihosting
    sys_exit.o(.text) refers (Special) to indicate_semi.o(.text) for __semihosting_library_function
    rtexit2.o(.ARM.Collect$$rtexit$$00000003) refers to libshutdown.o(.ARM.Collect$$libshutdown$$00000000) for __rt_lib_shutdown
    rtexit2.o(.ARM.Collect$$rtexit$$00000004) refers to sys_exit.o(.text) for _sys_exit
    rtexit2.o(.ARM.exidx) refers to rtexit2.o(.ARM.Collect$$rtexit$$00000001) for .ARM.Collect$$rtexit$$00000001
    rtexit2.o(.ARM.exidx) refers to rtexit2.o(.ARM.Collect$$rtexit$$00000003) for .ARM.Collect$$rtexit$$00000003
    rtexit2.o(.ARM.exidx) refers to rtexit2.o(.ARM.Collect$$rtexit$$00000004) for .ARM.Collect$$rtexit$$00000004
    __raise.o(.text) refers to defsig.o(CL$$defsig) for __default_signal_handler
    defsig_general.o(.text) refers to sys_wrch.o(.text) for _ttywrch
    sys_wrch.o(.text) refers (Special) to use_no_semi.o(.text) for __I$use$semihosting
    sys_wrch.o(.text) refers (Special) to indicate_semi.o(.text) for __semihosting_library_function
    defsig.o(CL$$defsig) refers to defsig_fpe_inner.o(.text) for __rt_SIGFPE_inner
    defsig.o(CL$$defsig) refers to defsig_rtmem_inner.o(.text) for __rt_SIGRTMEM_inner
    _get_argv_nomalloc.o(.text) refers (Special) to hrguard.o(.text) for __heap_region$guard
    _get_argv_nomalloc.o(.text) refers to defsig_rtmem_outer.o(.text) for __rt_SIGRTMEM
    _get_argv_nomalloc.o(.text) refers to sys_command.o(.text) for _sys_command_string
    libshutdown.o(.ARM.Collect$$libshutdown$$00000000) refers (Special) to libshutdown2.o(.ARM.Collect$$libshutdown$$00000006) for __rt_lib_shutdown_fp_trap_1
    libshutdown.o(.ARM.Collect$$libshutdown$$00000000) refers (Special) to libshutdown2.o(.ARM.Collect$$libshutdown$$0000000E) for __rt_lib_shutdown_heap_1
    libshutdown.o(.ARM.Collect$$libshutdown$$00000000) refers (Special) to libshutdown2.o(.ARM.Collect$$libshutdown$$0000000F) for __rt_lib_shutdown_return
    libshutdown.o(.ARM.Collect$$libshutdown$$00000000) refers (Special) to libshutdown2.o(.ARM.Collect$$libshutdown$$00000009) for __rt_lib_shutdown_signal_1
    libshutdown.o(.ARM.Collect$$libshutdown$$00000000) refers (Special) to libshutdown2.o(.ARM.Collect$$libshutdown$$00000003) for __rt_lib_shutdown_stdio_1
    libshutdown.o(.ARM.Collect$$libshutdown$$00000000) refers (Special) to libshutdown2.o(.ARM.Collect$$libshutdown$$0000000B) for __rt_lib_shutdown_user_alloc_1
    sys_command.o(.text) refers (Special) to use_no_semi.o(.text) for __I$use$semihosting
    sys_command.o(.text) refers (Special) to indicate_semi.o(.text) for __semihosting_library_function
    defsig_abrt_inner.o(.text) refers to defsig_general.o(.text) for __default_signal_display
    defsig_rtred_inner.o(.text) refers to defsig_general.o(.text) for __default_signal_display
    defsig_rtmem_inner.o(.text) refers to defsig_general.o(.text) for __default_signal_display
    defsig_rtmem_outer.o(.text) refers to defsig_rtmem_inner.o(.text) for __rt_SIGRTMEM_inner
    defsig_rtmem_outer.o(.text) refers to defsig_exit.o(.text) for __sig_exit
    defsig_rtmem_formal.o(.text) refers to rt_raise.o(.text) for __rt_raise
    defsig_stak_inner.o(.text) refers to defsig_general.o(.text) for __default_signal_display
    defsig_pvfn_inner.o(.text) refers to defsig_general.o(.text) for __default_signal_display
    defsig_cppl_inner.o(.text) refers to defsig_general.o(.text) for __default_signal_display
    defsig_segv_inner.o(.text) refers to defsig_general.o(.text) for __default_signal_display
    defsig_other.o(.text) refers to defsig_general.o(.text) for __default_signal_display


==============================================================================

Removing Unused input sections from the image.

    Removing system_lpc8xx.o(.rev16_text), (4 bytes).
    Removing system_lpc8xx.o(.revsh_text), (4 bytes).
    Removing uart.o(.rev16_text), (4 bytes).
    Removing uart.o(.revsh_text), (4 bytes).
    Removing timer.o(.rev16_text), (4 bytes).
    Removing timer.o(.revsh_text), (4 bytes).
    Removing gpio.o(.rev16_text), (4 bytes).
    Removing gpio.o(.revsh_text), (4 bytes).
    Removing main.o(.rev16_text), (4 bytes).
    Removing main.o(.revsh_text), (4 bytes).
    Removing queue.o(.rev16_text), (4 bytes).
    Removing queue.o(.revsh_text), (4 bytes).
    Removing gprs.o(.rev16_text), (4 bytes).
    Removing gprs.o(.revsh_text), (4 bytes).
    Removing gprs.o(.text), (944 bytes).
    Removing rf433m.o(.rev16_text), (4 bytes).
    Removing rf433m.o(.revsh_text), (4 bytes).
    Removing wifi.o(.rev16_text), (4 bytes).
    Removing wifi.o(.revsh_text), (4 bytes).
    Removing led.o(.rev16_text), (4 bytes).
    Removing led.o(.revsh_text), (4 bytes).

21 unused section(s) (total 1024 bytes) removed from the image.

==============================================================================

Image Symbol Table

    Local Symbols

    Symbol Name                              Value     Ov Type        Size  Object(Section)

    RESET                                    0x00000000   Section      192  startup_lpc82x.o(RESET)
    ../clib/angel/boardlib.s                 0x00000000   Number         0  boardinit1.o ABSOLUTE
    ../clib/angel/boardlib.s                 0x00000000   Number         0  boardinit2.o ABSOLUTE
    ../clib/angel/boardlib.s                 0x00000000   Number         0  boardinit3.o ABSOLUTE
    ../clib/angel/boardlib.s                 0x00000000   Number         0  boardshut.o ABSOLUTE
    ../clib/angel/handlers.s                 0x00000000   Number         0  __scatter_copy.o ABSOLUTE
    ../clib/angel/handlers.s                 0x00000000   Number         0  __scatter_zi.o ABSOLUTE
    ../clib/angel/kernel.s                   0x00000000   Number         0  __rtentry2.o ABSOLUTE
    ../clib/angel/kernel.s                   0x00000000   Number         0  __rtentry.o ABSOLUTE
    ../clib/angel/kernel.s                   0x00000000   Number         0  __rtentry4.o ABSOLUTE
    ../clib/angel/kernel.s                   0x00000000   Number         0  rtexit2.o ABSOLUTE
    ../clib/angel/kernel.s                   0x00000000   Number         0  rtexit.o ABSOLUTE
    ../clib/angel/rt.s                       0x00000000   Number         0  rt_raise.o ABSOLUTE
    ../clib/angel/rt.s                       0x00000000   Number         0  rt_div0.o ABSOLUTE
    ../clib/angel/rt.s                       0x00000000   Number         0  aeabi_idiv0_sigfpe.o ABSOLUTE
    ../clib/angel/rt.s                       0x00000000   Number         0  aeabi_idiv0.o ABSOLUTE
    ../clib/angel/scatterp.s                 0x00000000   Number         0  __scatter.o ABSOLUTE
    ../clib/angel/startup.s                  0x00000000   Number         0  __main.o ABSOLUTE
    ../clib/angel/sys.s                      0x00000000   Number         0  indicate_semi.o ABSOLUTE
    ../clib/angel/sys.s                      0x00000000   Number         0  tempstk.o ABSOLUTE
    ../clib/angel/sys.s                      0x00000000   Number         0  sys_stackheap_outer.o ABSOLUTE
    ../clib/angel/sys.s                      0x00000000   Number         0  use_no_semi.o ABSOLUTE
    ../clib/angel/sys.s                      0x00000000   Number         0  libspace.o ABSOLUTE
    ../clib/angel/sysapp.c                   0x00000000   Number         0  sys_exit.o ABSOLUTE
    ../clib/angel/sysapp.c                   0x00000000   Number         0  sys_wrch.o ABSOLUTE
    ../clib/angel/sysapp.c                   0x00000000   Number         0  sys_command.o ABSOLUTE
    ../clib/armsys.c                         0x00000000   Number         0  no_argv.o ABSOLUTE
    ../clib/armsys.c                         0x00000000   Number         0  _get_argv_nomalloc.o ABSOLUTE
    ../clib/armsys.c                         0x00000000   Number         0  argv_veneer.o ABSOLUTE
    ../clib/division.s                       0x00000000   Number         0  aeabi_sdiv.o ABSOLUTE
    ../clib/division.s                       0x00000000   Number         0  aeabi_sdiv_div0.o ABSOLUTE
    ../clib/heapalloc.c                      0x00000000   Number         0  hrguard.o ABSOLUTE
    ../clib/heapaux.c                        0x00000000   Number         0  heapauxi.o ABSOLUTE
    ../clib/libinit.s                        0x00000000   Number         0  libshutdown2.o ABSOLUTE
    ../clib/libinit.s                        0x00000000   Number         0  libinit2.o ABSOLUTE
    ../clib/libinit.s                        0x00000000   Number         0  libshutdown.o ABSOLUTE
    ../clib/libinit.s                        0x00000000   Number         0  libinit.o ABSOLUTE
    ../clib/memcpset.c                       0x00000000   Number         0  rt_memclr.o ABSOLUTE
    ../clib/memcpset.c                       0x00000000   Number         0  aeabi_memset.o ABSOLUTE
    ../clib/memcpset.c                       0x00000000   Number         0  rt_memcpy.o ABSOLUTE
    ../clib/memcpset.c                       0x00000000   Number         0  rt_memcpy.o ABSOLUTE
    ../clib/signal.c                         0x00000000   Number         0  __raise.o ABSOLUTE
    ../clib/signal.c                         0x00000000   Number         0  defsig_general.o ABSOLUTE
    ../clib/signal.c                         0x00000000   Number         0  defsig_rtmem_inner.o ABSOLUTE
    ../clib/signal.c                         0x00000000   Number         0  defsig_fpe_inner.o ABSOLUTE
    ../clib/signal.c                         0x00000000   Number         0  defsig_exit.o ABSOLUTE
    ../clib/signal.c                         0x00000000   Number         0  defsig_other.o ABSOLUTE
    ../clib/signal.c                         0x00000000   Number         0  defsig_segv_inner.o ABSOLUTE
    ../clib/signal.c                         0x00000000   Number         0  defsig_cppl_inner.o ABSOLUTE
    ../clib/signal.c                         0x00000000   Number         0  defsig_pvfn_inner.o ABSOLUTE
    ../clib/signal.c                         0x00000000   Number         0  defsig_stak_inner.o ABSOLUTE
    ../clib/signal.c                         0x00000000   Number         0  defsig_rtmem_formal.o ABSOLUTE
    ../clib/signal.c                         0x00000000   Number         0  defsig_rtmem_outer.o ABSOLUTE
    ../clib/signal.c                         0x00000000   Number         0  defsig_rtred_inner.o ABSOLUTE
    ../clib/signal.c                         0x00000000   Number         0  defsig_fpe_outer.o ABSOLUTE
    ../clib/signal.c                         0x00000000   Number         0  defsig_fpe_formal.o ABSOLUTE
    ../clib/signal.c                         0x00000000   Number         0  defsig_abrt_inner.o ABSOLUTE
    ../clib/signal.s                         0x00000000   Number         0  defsig.o ABSOLUTE
    ../clib/stdlib.c                         0x00000000   Number         0  exit.o ABSOLUTE
    ../clib/string.c                         0x00000000   Number         0  memcmp.o ABSOLUTE
    ../fplib/cfplib/fpinit.c                 0x00000000   Number         0  fpinit.o ABSOLUTE
    LPC8xx\\gpio.c                           0x00000000   Number         0  gpio.o ABSOLUTE
    LPC8xx\\system_LPC8xx.c                  0x00000000   Number         0  system_lpc8xx.o ABSOLUTE
    LPC8xx\\timer.c                          0x00000000   Number         0  timer.o ABSOLUTE
    LPC8xx\\uart.c                           0x00000000   Number         0  uart.o ABSOLUTE
    LPC8xx\gpio.c                            0x00000000   Number         0  gpio.o ABSOLUTE
    LPC8xx\startup\startup_lpc82x.s          0x00000000   Number         0  startup_lpc82x.o ABSOLUTE
    LPC8xx\system_LPC8xx.c                   0x00000000   Number         0  system_lpc8xx.o ABSOLUTE
    LPC8xx\timer.c                           0x00000000   Number         0  timer.o ABSOLUTE
    LPC8xx\uart.c                            0x00000000   Number         0  uart.o ABSOLUTE
    dc.s                                     0x00000000   Number         0  dc.o ABSOLUTE
    user_code\\gprs.c                        0x00000000   Number         0  gprs.o ABSOLUTE
    user_code\\led.c                         0x00000000   Number         0  led.o ABSOLUTE
    user_code\\main.c                        0x00000000   Number         0  main.o ABSOLUTE
    user_code\\queue.c                       0x00000000   Number         0  queue.o ABSOLUTE
    user_code\\rf433m.c                      0x00000000   Number         0  rf433m.o ABSOLUTE
    user_code\\wifi.c                        0x00000000   Number         0  wifi.o ABSOLUTE
    user_code\gprs.c                         0x00000000   Number         0  gprs.o ABSOLUTE
    user_code\led.c                          0x00000000   Number         0  led.o ABSOLUTE
    user_code\main.c                         0x00000000   Number         0  main.o ABSOLUTE
    user_code\queue.c                        0x00000000   Number         0  queue.o ABSOLUTE
    user_code\rf433m.c                       0x00000000   Number         0  rf433m.o ABSOLUTE
    user_code\wifi.c                         0x00000000   Number         0  wifi.o ABSOLUTE
    !!!main                                  0x000000c0   Section        8  __main.o(!!!main)
    !!!scatter                               0x000000c8   Section       60  __scatter.o(!!!scatter)
    !!handler_copy                           0x00000104   Section       26  __scatter_copy.o(!!handler_copy)
    !!handler_zi                             0x00000120   Section       28  __scatter_zi.o(!!handler_zi)
    .ARM.Collect$$libinit$$00000000          0x0000013c   Section        2  libinit.o(.ARM.Collect$$libinit$$00000000)
    .ARM.Collect$$libinit$$00000002          0x0000013e   Section        0  libinit2.o(.ARM.Collect$$libinit$$00000002)
    .ARM.Collect$$libinit$$00000004          0x0000013e   Section        0  libinit2.o(.ARM.Collect$$libinit$$00000004)
    .ARM.Collect$$libinit$$0000000A          0x0000013e   Section        0  libinit2.o(.ARM.Collect$$libinit$$0000000A)
    .ARM.Collect$$libinit$$0000000C          0x0000013e   Section        0  libinit2.o(.ARM.Collect$$libinit$$0000000C)
    .ARM.Collect$$libinit$$0000000E          0x0000013e   Section        0  libinit2.o(.ARM.Collect$$libinit$$0000000E)
    .ARM.Collect$$libinit$$00000011          0x0000013e   Section        0  libinit2.o(.ARM.Collect$$libinit$$00000011)
    .ARM.Collect$$libinit$$00000013          0x0000013e   Section        0  libinit2.o(.ARM.Collect$$libinit$$00000013)
    .ARM.Collect$$libinit$$00000015          0x0000013e   Section        0  libinit2.o(.ARM.Collect$$libinit$$00000015)
    .ARM.Collect$$libinit$$00000017          0x0000013e   Section        0  libinit2.o(.ARM.Collect$$libinit$$00000017)
    .ARM.Collect$$libinit$$00000019          0x0000013e   Section        0  libinit2.o(.ARM.Collect$$libinit$$00000019)
    .ARM.Collect$$libinit$$0000001B          0x0000013e   Section        0  libinit2.o(.ARM.Collect$$libinit$$0000001B)
    .ARM.Collect$$libinit$$0000001D          0x0000013e   Section        0  libinit2.o(.ARM.Collect$$libinit$$0000001D)
    .ARM.Collect$$libinit$$0000001F          0x0000013e   Section        0  libinit2.o(.ARM.Collect$$libinit$$0000001F)
    .ARM.Collect$$libinit$$00000021          0x0000013e   Section        0  libinit2.o(.ARM.Collect$$libinit$$00000021)
    .ARM.Collect$$libinit$$00000023          0x0000013e   Section        0  libinit2.o(.ARM.Collect$$libinit$$00000023)
    .ARM.Collect$$libinit$$00000025          0x0000013e   Section        0  libinit2.o(.ARM.Collect$$libinit$$00000025)
    .ARM.Collect$$libinit$$0000002C          0x0000013e   Section        0  libinit2.o(.ARM.Collect$$libinit$$0000002C)
    .ARM.Collect$$libinit$$0000002E          0x0000013e   Section        0  libinit2.o(.ARM.Collect$$libinit$$0000002E)
    .ARM.Collect$$libinit$$00000030          0x0000013e   Section        0  libinit2.o(.ARM.Collect$$libinit$$00000030)
    .ARM.Collect$$libinit$$00000032          0x0000013e   Section        0  libinit2.o(.ARM.Collect$$libinit$$00000032)
    .ARM.Collect$$libinit$$00000033          0x0000013e   Section        2  libinit2.o(.ARM.Collect$$libinit$$00000033)
    .ARM.Collect$$libshutdown$$00000000      0x00000140   Section        2  libshutdown.o(.ARM.Collect$$libshutdown$$00000000)
    .ARM.Collect$$libshutdown$$00000003      0x00000142   Section        0  libshutdown2.o(.ARM.Collect$$libshutdown$$00000003)
    .ARM.Collect$$libshutdown$$00000006      0x00000142   Section        0  libshutdown2.o(.ARM.Collect$$libshutdown$$00000006)
    .ARM.Collect$$libshutdown$$00000009      0x00000142   Section        0  libshutdown2.o(.ARM.Collect$$libshutdown$$00000009)
    .ARM.Collect$$libshutdown$$0000000B      0x00000142   Section        0  libshutdown2.o(.ARM.Collect$$libshutdown$$0000000B)
    .ARM.Collect$$libshutdown$$0000000E      0x00000142   Section        0  libshutdown2.o(.ARM.Collect$$libshutdown$$0000000E)
    .ARM.Collect$$libshutdown$$0000000F      0x00000142   Section        2  libshutdown2.o(.ARM.Collect$$libshutdown$$0000000F)
    .ARM.Collect$$rtentry$$00000000          0x00000144   Section        0  __rtentry.o(.ARM.Collect$$rtentry$$00000000)
    .ARM.Collect$$rtentry$$00000002          0x00000144   Section        0  __rtentry2.o(.ARM.Collect$$rtentry$$00000002)
    .ARM.Collect$$rtentry$$00000004          0x00000144   Section        6  __rtentry4.o(.ARM.Collect$$rtentry$$00000004)
    .ARM.Collect$$rtentry$$00000009          0x0000014a   Section        0  __rtentry2.o(.ARM.Collect$$rtentry$$00000009)
    .ARM.Collect$$rtentry$$0000000A          0x0000014a   Section        4  __rtentry2.o(.ARM.Collect$$rtentry$$0000000A)
    .ARM.Collect$$rtentry$$0000000C          0x0000014e   Section        0  __rtentry2.o(.ARM.Collect$$rtentry$$0000000C)
    .ARM.Collect$$rtentry$$0000000D          0x0000014e   Section        8  __rtentry2.o(.ARM.Collect$$rtentry$$0000000D)
    .ARM.Collect$$rtexit$$00000000           0x00000156   Section        2  rtexit.o(.ARM.Collect$$rtexit$$00000000)
    .ARM.Collect$$rtexit$$00000002           0x00000158   Section        0  rtexit2.o(.ARM.Collect$$rtexit$$00000002)
    .ARM.Collect$$rtexit$$00000003           0x00000158   Section        4  rtexit2.o(.ARM.Collect$$rtexit$$00000003)
    .ARM.Collect$$rtexit$$00000004           0x0000015c   Section        6  rtexit2.o(.ARM.Collect$$rtexit$$00000004)
    .emb_text                                0x00000164   Section       56  rt_memcpy.o(.emb_text)
    .text                                    0x0000019c   Section       52  startup_lpc82x.o(.text)
    .text                                    0x000001d0   Section        0  timer.o(.text)
    .text                                    0x00000250   Section        0  gpio.o(.text)
    .text                                    0x000002c4   Section        0  rf433m.o(.text)
    .text                                    0x000002ea   Section        0  aeabi_memset.o(.text)
    .ARM.__at_0x02FC                         0x000002fc   Section        4  startup_lpc82x.o(.ARM.__at_0x02FC)
    .text                                    0x00000300   Section        0  system_lpc8xx.o(.text)
    .text                                    0x00000524   Section        0  uart.o(.text)
    NVIC_EnableIRQ                           0x00000901   Thumb Code    72  uart.o(.text)
    .text                                    0x00000948   Section        0  main.o(.text)
    .text                                    0x0000136c   Section        0  queue.o(.text)
    .text                                    0x0000141c   Section        0  wifi.o(.text)
    .text                                    0x00001460   Section        0  led.o(.text)
    .text                                    0x000014ac   Section        0  memcmp.o(.text)
    .text                                    0x00001506   Section        0  rt_memcpy.o(.text)
    .text                                    0x00001588   Section        0  rt_memclr.o(.text)
    .text                                    0x000015c8   Section      346  aeabi_sdiv.o(.text)
    .text                                    0x00001722   Section        0  heapauxi.o(.text)
    .text                                    0x00001728   Section       62  sys_stackheap_outer.o(.text)
    .text                                    0x00001766   Section        0  exit.o(.text)
    .text                                    0x00001774   Section        8  libspace.o(.text)
    .text                                    0x0000177c   Section        0  sys_exit.o(.text)
    .text                                    0x00001788   Section        2  use_no_semi.o(.text)
    .text                                    0x0000178a   Section        0  indicate_semi.o(.text)
    i.__ARM_common_switch8                   0x0000178a   Section        0  system_lpc8xx.o(i.__ARM_common_switch8)
    .data                                    0x10000000   Section        4  system_lpc8xx.o(.data)
    .data                                    0x10000004   Section        5  main.o(.data)
    .data                                    0x10000009   Section        1  gprs.o(.data)
    .bss                                     0x1000000c   Section     3408  uart.o(.bss)
    .bss                                     0x10000d5c   Section      348  main.o(.bss)
    .bss                                     0x10000eb8   Section       96  libspace.o(.bss)
    HEAP                                     0x10000f18   Section        0  startup_lpc82x.o(HEAP)
    STACK                                    0x10000f18   Section      512  startup_lpc82x.o(STACK)
    Heap_Mem                                 0x10000f18   Data           0  startup_lpc82x.o(HEAP)
    Stack_Mem                                0x10000f18   Data         512  startup_lpc82x.o(STACK)
    __initial_sp                             0x10001118   Data           0  startup_lpc82x.o(STACK)

    Global Symbols

    Symbol Name                              Value     Ov Type        Size  Object(Section)

    BuildAttributes$$THM_ISAv3M$S$PE$A:L22$X:L11$S22$IEEE1$IW$USESV6$~STKCKD$USESV7$~SHL$OSPACE$ROPI$EBA8$UX$STANDARDLIB$REQ8$PRES8$EABIv2 0x00000000   Number         0  anon$$obj.o ABSOLUTE
    __ARM_use_no_argv                        0x00000000   Number         0  main.o ABSOLUTE
    __Vectors                                0x00000000   Data           4  startup_lpc82x.o(RESET)
    __ARM_exceptions_init                     - Undefined Weak Reference
    __alloca_initialize                       - Undefined Weak Reference
    __arm_preinit_                            - Undefined Weak Reference
    __cpp_initialize__aeabi_                  - Undefined Weak Reference
    __cxa_finalize                            - Undefined Weak Reference
    __rt_locale                               - Undefined Weak Reference
    __sigvec_lookup                           - Undefined Weak Reference
    _atexit_init                              - Undefined Weak Reference
    _call_atexit_fns                          - Undefined Weak Reference
    _clock_init                               - Undefined Weak Reference
    _fp_trap_init                             - Undefined Weak Reference
    _fp_trap_shutdown                         - Undefined Weak Reference
    _get_lc_collate                           - Undefined Weak Reference
    _get_lc_ctype                             - Undefined Weak Reference
    _get_lc_monetary                          - Undefined Weak Reference
    _get_lc_numeric                           - Undefined Weak Reference
    _get_lc_time                              - Undefined Weak Reference
    _getenv_init                              - Undefined Weak Reference
    _handle_redirection                       - Undefined Weak Reference
    _init_alloc                               - Undefined Weak Reference
    _init_user_alloc                          - Undefined Weak Reference
    _initio                                   - Undefined Weak Reference
    _rand_init                                - Undefined Weak Reference
    _signal_finish                            - Undefined Weak Reference
    _signal_init                              - Undefined Weak Reference
    _terminate_alloc                          - Undefined Weak Reference
    _terminate_user_alloc                     - Undefined Weak Reference
    _terminateio                              - Undefined Weak Reference
    __main                                   0x000000c1   Thumb Code     8  __main.o(!!!main)
    __scatterload                            0x000000c9   Thumb Code     0  __scatter.o(!!!scatter)
    __scatterload_rt2                        0x000000c9   Thumb Code    52  __scatter.o(!!!scatter)
    __scatterload_rt2_thumb_only             0x000000c9   Thumb Code     0  __scatter.o(!!!scatter)
    __scatterload_null                       0x000000d9   Thumb Code     0  __scatter.o(!!!scatter)
    __scatterload_copy                       0x00000105   Thumb Code    26  __scatter_copy.o(!!handler_copy)
    __scatterload_zeroinit                   0x00000121   Thumb Code    28  __scatter_zi.o(!!handler_zi)
    __rt_lib_init                            0x0000013d   Thumb Code     0  libinit.o(.ARM.Collect$$libinit$$00000000)
    __rt_lib_init_alloca_1                   0x0000013f   Thumb Code     0  libinit2.o(.ARM.Collect$$libinit$$0000002E)
    __rt_lib_init_argv_1                     0x0000013f   Thumb Code     0  libinit2.o(.ARM.Collect$$libinit$$0000002C)
    __rt_lib_init_atexit_1                   0x0000013f   Thumb Code     0  libinit2.o(.ARM.Collect$$libinit$$0000001B)
    __rt_lib_init_clock_1                    0x0000013f   Thumb Code     0  libinit2.o(.ARM.Collect$$libinit$$00000021)
    __rt_lib_init_cpp_1                      0x0000013f   Thumb Code     0  libinit2.o(.ARM.Collect$$libinit$$00000032)
    __rt_lib_init_exceptions_1               0x0000013f   Thumb Code     0  libinit2.o(.ARM.Collect$$libinit$$00000030)
    __rt_lib_init_fp_1                       0x0000013f   Thumb Code     0  libinit2.o(.ARM.Collect$$libinit$$00000002)
    __rt_lib_init_fp_trap_1                  0x0000013f   Thumb Code     0  libinit2.o(.ARM.Collect$$libinit$$0000001F)
    __rt_lib_init_getenv_1                   0x0000013f   Thumb Code     0  libinit2.o(.ARM.Collect$$libinit$$00000023)
    __rt_lib_init_heap_1                     0x0000013f   Thumb Code     0  libinit2.o(.ARM.Collect$$libinit$$0000000A)
    __rt_lib_init_lc_collate_1               0x0000013f   Thumb Code     0  libinit2.o(.ARM.Collect$$libinit$$00000011)
    __rt_lib_init_lc_ctype_1                 0x0000013f   Thumb Code     0  libinit2.o(.ARM.Collect$$libinit$$00000013)
    __rt_lib_init_lc_monetary_1              0x0000013f   Thumb Code     0  libinit2.o(.ARM.Collect$$libinit$$00000015)
    __rt_lib_init_lc_numeric_1               0x0000013f   Thumb Code     0  libinit2.o(.ARM.Collect$$libinit$$00000017)
    __rt_lib_init_lc_time_1                  0x0000013f   Thumb Code     0  libinit2.o(.ARM.Collect$$libinit$$00000019)
    __rt_lib_init_preinit_1                  0x0000013f   Thumb Code     0  libinit2.o(.ARM.Collect$$libinit$$00000004)
    __rt_lib_init_rand_1                     0x0000013f   Thumb Code     0  libinit2.o(.ARM.Collect$$libinit$$0000000E)
    __rt_lib_init_return                     0x0000013f   Thumb Code     0  libinit2.o(.ARM.Collect$$libinit$$00000033)
    __rt_lib_init_signal_1                   0x0000013f   Thumb Code     0  libinit2.o(.ARM.Collect$$libinit$$0000001D)
    __rt_lib_init_stdio_1                    0x0000013f   Thumb Code     0  libinit2.o(.ARM.Collect$$libinit$$00000025)
    __rt_lib_init_user_alloc_1               0x0000013f   Thumb Code     0  libinit2.o(.ARM.Collect$$libinit$$0000000C)
    __rt_lib_shutdown                        0x00000141   Thumb Code     0  libshutdown.o(.ARM.Collect$$libshutdown$$00000000)
    __rt_lib_shutdown_fp_trap_1              0x00000143   Thumb Code     0  libshutdown2.o(.ARM.Collect$$libshutdown$$00000006)
    __rt_lib_shutdown_heap_1                 0x00000143   Thumb Code     0  libshutdown2.o(.ARM.Collect$$libshutdown$$0000000E)
    __rt_lib_shutdown_return                 0x00000143   Thumb Code     0  libshutdown2.o(.ARM.Collect$$libshutdown$$0000000F)
    __rt_lib_shutdown_signal_1               0x00000143   Thumb Code     0  libshutdown2.o(.ARM.Collect$$libshutdown$$00000009)
    __rt_lib_shutdown_stdio_1                0x00000143   Thumb Code     0  libshutdown2.o(.ARM.Collect$$libshutdown$$00000003)
    __rt_lib_shutdown_user_alloc_1           0x00000143   Thumb Code     0  libshutdown2.o(.ARM.Collect$$libshutdown$$0000000B)
    __rt_entry                               0x00000145   Thumb Code     0  __rtentry.o(.ARM.Collect$$rtentry$$00000000)
    __rt_entry_presh_1                       0x00000145   Thumb Code     0  __rtentry2.o(.ARM.Collect$$rtentry$$00000002)
    __rt_entry_sh                            0x00000145   Thumb Code     0  __rtentry4.o(.ARM.Collect$$rtentry$$00000004)
    __rt_entry_li                            0x0000014b   Thumb Code     0  __rtentry2.o(.ARM.Collect$$rtentry$$0000000A)
    __rt_entry_postsh_1                      0x0000014b   Thumb Code     0  __rtentry2.o(.ARM.Collect$$rtentry$$00000009)
    __rt_entry_main                          0x0000014f   Thumb Code     0  __rtentry2.o(.ARM.Collect$$rtentry$$0000000D)
    __rt_entry_postli_1                      0x0000014f   Thumb Code     0  __rtentry2.o(.ARM.Collect$$rtentry$$0000000C)
    __rt_exit                                0x00000157   Thumb Code     0  rtexit.o(.ARM.Collect$$rtexit$$00000000)
    __rt_exit_ls                             0x00000159   Thumb Code     0  rtexit2.o(.ARM.Collect$$rtexit$$00000003)
    __rt_exit_prels_1                        0x00000159   Thumb Code     0  rtexit2.o(.ARM.Collect$$rtexit$$00000002)
    __rt_exit_exit                           0x0000015d   Thumb Code     0  rtexit2.o(.ARM.Collect$$rtexit$$00000004)
    __aeabi_memcpy4                          0x00000165   Thumb Code    56  rt_memcpy.o(.emb_text)
    __aeabi_memcpy8                          0x00000165   Thumb Code     0  rt_memcpy.o(.emb_text)
    Reset_Handler                            0x0000019d   Thumb Code     8  startup_lpc82x.o(.text)
    HardFault_Handler                        0x000001a5   Thumb Code     2  startup_lpc82x.o(.text)
    SVC_Handler                              0x000001a7   Thumb Code     2  startup_lpc82x.o(.text)
    PendSV_Handler                           0x000001a9   Thumb Code     2  startup_lpc82x.o(.text)
    SysTick_Handler                          0x000001ab   Thumb Code     2  startup_lpc82x.o(.text)
    ADC_OVR_IRQHandler                       0x000001ad   Thumb Code     0  startup_lpc82x.o(.text)
    ADC_SEQA_IRQHandler                      0x000001ad   Thumb Code     0  startup_lpc82x.o(.text)
    ADC_SEQB_IRQHanlder                      0x000001ad   Thumb Code     0  startup_lpc82x.o(.text)
    ADC_THCMP_IRQHandler                     0x000001ad   Thumb Code     0  startup_lpc82x.o(.text)
    BOD_IRQHandler                           0x000001ad   Thumb Code     0  startup_lpc82x.o(.text)
    CMP_IRQHandler                           0x000001ad   Thumb Code     0  startup_lpc82x.o(.text)
    DMA_IRQHandler                           0x000001ad   Thumb Code     0  startup_lpc82x.o(.text)
    FLASH_IRQHandler                         0x000001ad   Thumb Code     0  startup_lpc82x.o(.text)
    I2C0_IRQHandler                          0x000001ad   Thumb Code     0  startup_lpc82x.o(.text)
    I2C1_IRQHandler                          0x000001ad   Thumb Code     0  startup_lpc82x.o(.text)
    I2C2_IRQHandler                          0x000001ad   Thumb Code     0  startup_lpc82x.o(.text)
    I2C3_IRQHandler                          0x000001ad   Thumb Code     0  startup_lpc82x.o(.text)
    MRT_IRQHandler                           0x000001ad   Thumb Code     0  startup_lpc82x.o(.text)
    NMI_Handler                              0x000001ad   Thumb Code     0  startup_lpc82x.o(.text)
    PIN_INT0_IRQHandler                      0x000001ad   Thumb Code     0  startup_lpc82x.o(.text)
    PIN_INT1_IRQHandler                      0x000001ad   Thumb Code     0  startup_lpc82x.o(.text)
    PIN_INT2_IRQHandler                      0x000001ad   Thumb Code     0  startup_lpc82x.o(.text)
    PIN_INT3_IRQHandler                      0x000001ad   Thumb Code     0  startup_lpc82x.o(.text)
    PIN_INT4_IRQHandler                      0x000001ad   Thumb Code     0  startup_lpc82x.o(.text)
    PIN_INT5_IRQHandler                      0x000001ad   Thumb Code     0  startup_lpc82x.o(.text)
    PIN_INT6_IRQHandler                      0x000001ad   Thumb Code     0  startup_lpc82x.o(.text)
    PIN_INT7_IRQHandler                      0x000001ad   Thumb Code     0  startup_lpc82x.o(.text)
    SCT_IRQHandler                           0x000001ad   Thumb Code     0  startup_lpc82x.o(.text)
    SPI0_IRQHandler                          0x000001ad   Thumb Code     0  startup_lpc82x.o(.text)
    SPI1_IRQHandler                          0x000001ad   Thumb Code     0  startup_lpc82x.o(.text)
    WDT_IRQHandler                           0x000001ad   Thumb Code     0  startup_lpc82x.o(.text)
    WKT_IRQHandler                           0x000001ad   Thumb Code     0  startup_lpc82x.o(.text)
    __user_initial_stackheap                 0x000001b1   Thumb Code     0  startup_lpc82x.o(.text)
    delay_ms                                 0x000001d1   Thumb Code    26  timer.o(.text)
    WKTInit                                  0x000001eb   Thumb Code    52  timer.o(.text)
    WKTdelayMs                               0x0000021f   Thumb Code    34  timer.o(.text)
    gpio_ctrl                                0x00000251   Thumb Code    30  gpio.o(.text)
    gpio_dir                                 0x0000026f   Thumb Code    30  gpio.o(.text)
    GPIOInit                                 0x0000028d   Thumb Code    44  gpio.o(.text)
    gpio_init_rf433m_mode                    0x000002c5   Thumb Code    38  rf433m.o(.text)
    __aeabi_memset                           0x000002eb   Thumb Code    18  aeabi_memset.o(.text)
    SystemCoreClockUpdate                    0x00000301   Thumb Code   348  system_lpc8xx.o(.text)
    SystemInit                               0x0000045d   Thumb Code   120  system_lpc8xx.o(.text)
    CLEAR_UART_RECV                          0x00000525   Thumb Code     8  uart.o(.text)
    UART0RecvEnable                          0x0000052d   Thumb Code     8  uart.o(.text)
    UART0RecvDisable                         0x00000535   Thumb Code     8  uart.o(.text)
    UART0SendEnable                          0x0000053d   Thumb Code    14  uart.o(.text)
    UART0SendDisable                         0x0000054b   Thumb Code    14  uart.o(.text)
    UART0Init                                0x00000559   Thumb Code   118  uart.o(.text)
    uart0_sendbuf                            0x000005cf   Thumb Code    44  uart.o(.text)
    UART0_IRQHandler                         0x000005fb   Thumb Code   136  uart.o(.text)
    UART1SendEnable                          0x00000683   Thumb Code    14  uart.o(.text)
    UART1SendDisable                         0x00000691   Thumb Code    14  uart.o(.text)
    UART1RecvEnable                          0x0000069f   Thumb Code     8  uart.o(.text)
    UART1Init                                0x000006a7   Thumb Code   116  uart.o(.text)
    UART1_IRQHandler                         0x0000071b   Thumb Code   128  uart.o(.text)
    uart1_sendbuf                            0x0000079b   Thumb Code    44  uart.o(.text)
    UART2SendEnable                          0x000007c7   Thumb Code    14  uart.o(.text)
    UART2SendDisable                         0x000007d5   Thumb Code    14  uart.o(.text)
    UART2Init                                0x000007e3   Thumb Code   114  uart.o(.text)
    UART2_IRQHandler                         0x00000855   Thumb Code   128  uart.o(.text)
    uart2_sendbuf                            0x000008d5   Thumb Code    44  uart.o(.text)
    uart0_thread                             0x00000949   Thumb Code    34  main.o(.text)
    uart2_thread                             0x0000096b   Thumb Code    40  main.o(.text)
    hwapi01_beep_crtl                        0x00000993   Thumb Code    30  main.o(.text)
    test_hwapi01_beep_crtl                   0x000009b1   Thumb Code    32  main.o(.text)
    hwapi02_led1_ctrl                        0x000009d1   Thumb Code    30  main.o(.text)
    hwapi02_led2_ctrl                        0x000009ef   Thumb Code    30  main.o(.text)
    hwapi02_led3_ctrl                        0x00000a0d   Thumb Code    30  main.o(.text)
    test_hwapi02_led_ctrl                    0x00000a2b   Thumb Code    52  main.o(.text)
    hwapi03_rf433m_mode                      0x00000a5f   Thumb Code   122  main.o(.text)
    test_hwapi03_rf433m_mode                 0x00000ad9   Thumb Code    32  main.o(.text)
    test_uart0_echo                          0x00000af9   Thumb Code    28  main.o(.text)
    test_uart1_echo                          0x00000b15   Thumb Code    28  main.o(.text)
    test_uart2_echo                          0x00000b31   Thumb Code    34  main.o(.text)
    test_uart0_send                          0x00000b53   Thumb Code    24  main.o(.text)
    test_uart1_send                          0x00000b6b   Thumb Code    24  main.o(.text)
    test_uart2_send                          0x00000b83   Thumb Code    24  main.o(.text)
    hwapi04_wifi_reset                       0x00000b9b   Thumb Code    28  main.o(.text)
    test_hwapi04_wifi_reset                  0x00000bb7   Thumb Code    24  main.o(.text)
    hwapi05_wifi_factory                     0x00000bcf   Thumb Code    28  main.o(.text)
    test_hwapi05_wifi_factory                0x00000beb   Thumb Code     8  main.o(.text)
    test_wifi_uart2                          0x00000bf3   Thumb Code    24  main.o(.text)
    hwapi06_rj45_reset                       0x00000c0b   Thumb Code    28  main.o(.text)
    test_hwapi06_rj45_reset                  0x00000c27   Thumb Code    24  main.o(.text)
    test_rj45_uart2                          0x00000c3f   Thumb Code    24  main.o(.text)
    test_gprs                                0x00000c57   Thumb Code    44  main.o(.text)
    hwapi07_mod_uart0_baud                   0x00000c83   Thumb Code   122  main.o(.text)
    hwapi07_rf433m_get_config                0x00000cfd   Thumb Code    18  main.o(.text)
    hwapi07_rf433m_mode3_prepare             0x00000d0f   Thumb Code    18  main.o(.text)
    hwapi07_rf433m_get_addr_channel          0x00000d21   Thumb Code   174  main.o(.text)
    hwapi07_rf433m_set_config                0x00000dcf   Thumb Code    20  main.o(.text)
    hwapi07_rf433m_reset                     0x00000de3   Thumb Code    18  main.o(.text)
    test_hwapi07_rf433m_get_config           0x00000df5   Thumb Code    16  main.o(.text)
    test_hwapi07_rf433m_set_config           0x00000e05   Thumb Code    16  main.o(.text)
    test_rf433m_aux                          0x00000e15   Thumb Code     2  main.o(.text)
    hwapi08_rf433m_mode1_prepare             0x00000e17   Thumb Code    18  main.o(.text)
    hwapi08_rf433m_send                      0x00000e29   Thumb Code    58  main.o(.text)
    test_rf433m_mode1_transport              0x00000e63   Thumb Code    52  main.o(.text)
    hwapi08_rf433m_mode0_prepare             0x00000e97   Thumb Code    18  main.o(.text)
    test_rf433m_mode0_transport              0x00000ea9   Thumb Code    52  main.o(.text)
    is_valid_packet_from_server              0x00000edd   Thumb Code    46  main.o(.text)
    hwapi09_ack_error_to_server              0x00000f0b   Thumb Code    66  main.o(.text)
    hwapi09_decode_packet_from_server        0x00000f4d   Thumb Code    46  main.o(.text)
    hwapi09_encode_packet_to_lock            0x00000f7b   Thumb Code    38  main.o(.text)
    hwapi09_handle_packet_from_server        0x00000fa1   Thumb Code    58  main.o(.text)
    handle_server_packet_thread              0x00000fdb   Thumb Code   108  main.o(.text)
    lock_addr_channel_array_init             0x00001047   Thumb Code    48  main.o(.text)
    is_valid_packet_from_lock                0x00001077   Thumb Code    44  main.o(.text)
    hwapi10_decode_packet_from_lock          0x000010a3   Thumb Code    46  main.o(.text)
    hwapi10_encode_packet_to_server          0x000010d1   Thumb Code    68  main.o(.text)
    hwapi10_ack_error_to_lock                0x00001115   Thumb Code    56  main.o(.text)
    hwapi10_handle_packet_from_lock          0x0000114d   Thumb Code   138  main.o(.text)
    handle_lock_packet_thread                0x000011d7   Thumb Code   110  main.o(.text)
    test_server_packet_union                 0x00001245   Thumb Code   164  main.o(.text)
    queue_init                               0x000012e9   Thumb Code    24  main.o(.text)
    main                                     0x00001301   Thumb Code    58  main.o(.text)
    createQueue                              0x0000136d   Thumb Code    22  queue.o(.text)
    is_queue_empty                           0x00001383   Thumb Code    16  queue.o(.text)
    is_queue_full                            0x00001393   Thumb Code    18  queue.o(.text)
    Dequeue                                  0x000013a5   Thumb Code    40  queue.o(.text)
    front                                    0x000013cd   Thumb Code    30  queue.o(.text)
    Enqueue                                  0x000013eb   Thumb Code    50  queue.o(.text)
    gpio_init_wifi                           0x0000141d   Thumb Code    68  wifi.o(.text)
    gpio_init_beep                           0x00001461   Thumb Code    22  led.o(.text)
    gpio_init_led                            0x00001477   Thumb Code    54  led.o(.text)
    memcmp                                   0x000014ad   Thumb Code    90  memcmp.o(.text)
    __aeabi_memcpy                           0x00001507   Thumb Code   130  rt_memcpy.o(.text)
    __rt_memcpy                              0x00001507   Thumb Code     0  rt_memcpy.o(.text)
    _memset_w                                0x00001589   Thumb Code    26  rt_memclr.o(.text)
    _memset                                  0x000015a3   Thumb Code    30  rt_memclr.o(.text)
    __aeabi_memclr                           0x000015c1   Thumb Code     4  rt_memclr.o(.text)
    __rt_memclr                              0x000015c1   Thumb Code     0  rt_memclr.o(.text)
    __aeabi_memclr4                          0x000015c5   Thumb Code     0  rt_memclr.o(.text)
    __aeabi_memclr8                          0x000015c5   Thumb Code     0  rt_memclr.o(.text)
    __rt_memclr_w                            0x000015c5   Thumb Code     4  rt_memclr.o(.text)
    __aeabi_uidiv                            0x000015c9   Thumb Code     0  aeabi_sdiv.o(.text)
    __aeabi_uidivmod                         0x000015c9   Thumb Code    20  aeabi_sdiv.o(.text)
    __aeabi_idiv                             0x000015dd   Thumb Code     0  aeabi_sdiv.o(.text)
    __aeabi_idivmod                          0x000015dd   Thumb Code   326  aeabi_sdiv.o(.text)
    __use_two_region_memory                  0x00001723   Thumb Code     2  heapauxi.o(.text)
    __rt_heap_escrow$2region                 0x00001725   Thumb Code     2  heapauxi.o(.text)
    __rt_heap_expand$2region                 0x00001727   Thumb Code     2  heapauxi.o(.text)
    __user_setup_stackheap                   0x00001729   Thumb Code    62  sys_stackheap_outer.o(.text)
    exit                                     0x00001767   Thumb Code    12  exit.o(.text)
    __user_libspace                          0x00001775   Thumb Code     8  libspace.o(.text)
    __user_perproc_libspace                  0x00001775   Thumb Code     0  libspace.o(.text)
    __user_perthread_libspace                0x00001775   Thumb Code     0  libspace.o(.text)
    _sys_exit                                0x0000177d   Thumb Code     8  sys_exit.o(.text)
    __I$use$semihosting                      0x00001789   Thumb Code     0  use_no_semi.o(.text)
    __use_no_semihosting_swi                 0x00001789   Thumb Code     2  use_no_semi.o(.text)
    __ARM_common_switch8                     0x0000178b   Thumb Code    28  system_lpc8xx.o(i.__ARM_common_switch8)
    __semihosting_library_function           0x0000178b   Thumb Code     0  indicate_semi.o(.text)
    Region$$Table$$Base                      0x000017a8   Number         0  anon$$obj.o(Region$$Table)
    Region$$Table$$Limit                     0x000017c8   Number         0  anon$$obj.o(Region$$Table)
    SystemCoreClock                          0x10000000   Data           4  system_lpc8xx.o(.data)
    gw_addr_channel                          0x10000004   Data           5  main.o(.data)
    gprs                                     0x10000009   Data           1  gprs.o(.data)
    uart0                                    0x1000000c   Data        1136  uart.o(.bss)
    uart1                                    0x1000047c   Data        1136  uart.o(.bss)
    uart2                                    0x100008ec   Data        1136  uart.o(.bss)
    lock_addr_channel_array                  0x10000d5c   Data         100  main.o(.bss)
    sq                                       0x10000dc0   Data          20  main.o(.bss)
    lq                                       0x10000dd4   Data          20  main.o(.bss)
    sq_buf                                   0x10000de8   Data          96  main.o(.bss)
    lq_buf                                   0x10000e48   Data         112  main.o(.bss)
    __libspace_start                         0x10000eb8   Data          96  libspace.o(.bss)
    __temporary_stack_top$libspace           0x10000f18   Data           0  libspace.o(.bss)



==============================================================================

Memory Map of the image

  Image Entry point : 0x0000019d

  Load Region LR_1 (Base: 0x00000000, Size: 0x000017d4, Max: 0xffffffff, ABSOLUTE)

    Execution Region ER_RO (Base: 0x00000000, Size: 0x000017c8, Max: 0xffffffff, ABSOLUTE)

    Base Addr    Size         Type   Attr      Idx    E Section Name        Object

    0x00000000   0x000000c0   Data   RO          129    RESET               startup_lpc82x.o
    0x000000c0   0x00000008   Code   RO          330  * !!!main             c_p.l(__main.o)
    0x000000c8   0x0000003c   Code   RO          498    !!!scatter          c_p.l(__scatter.o)
    0x00000104   0x0000001a   Code   RO          500    !!handler_copy      c_p.l(__scatter_copy.o)
    0x0000011e   0x00000002   PAD
    0x00000120   0x0000001c   Code   RO          502    !!handler_zi        c_p.l(__scatter_zi.o)
    0x0000013c   0x00000002   Code   RO          368    .ARM.Collect$$libinit$$00000000  c_p.l(libinit.o)
    0x0000013e   0x00000000   Code   RO          382    .ARM.Collect$$libinit$$00000002  c_p.l(libinit2.o)
    0x0000013e   0x00000000   Code   RO          384    .ARM.Collect$$libinit$$00000004  c_p.l(libinit2.o)
    0x0000013e   0x00000000   Code   RO          387    .ARM.Collect$$libinit$$0000000A  c_p.l(libinit2.o)
    0x0000013e   0x00000000   Code   RO          389    .ARM.Collect$$libinit$$0000000C  c_p.l(libinit2.o)
    0x0000013e   0x00000000   Code   RO          391    .ARM.Collect$$libinit$$0000000E  c_p.l(libinit2.o)
    0x0000013e   0x00000000   Code   RO          394    .ARM.Collect$$libinit$$00000011  c_p.l(libinit2.o)
    0x0000013e   0x00000000   Code   RO          396    .ARM.Collect$$libinit$$00000013  c_p.l(libinit2.o)
    0x0000013e   0x00000000   Code   RO          398    .ARM.Collect$$libinit$$00000015  c_p.l(libinit2.o)
    0x0000013e   0x00000000   Code   RO          400    .ARM.Collect$$libinit$$00000017  c_p.l(libinit2.o)
    0x0000013e   0x00000000   Code   RO          402    .ARM.Collect$$libinit$$00000019  c_p.l(libinit2.o)
    0x0000013e   0x00000000   Code   RO          404    .ARM.Collect$$libinit$$0000001B  c_p.l(libinit2.o)
    0x0000013e   0x00000000   Code   RO          406    .ARM.Collect$$libinit$$0000001D  c_p.l(libinit2.o)
    0x0000013e   0x00000000   Code   RO          408    .ARM.Collect$$libinit$$0000001F  c_p.l(libinit2.o)
    0x0000013e   0x00000000   Code   RO          410    .ARM.Collect$$libinit$$00000021  c_p.l(libinit2.o)
    0x0000013e   0x00000000   Code   RO          412    .ARM.Collect$$libinit$$00000023  c_p.l(libinit2.o)
    0x0000013e   0x00000000   Code   RO          414    .ARM.Collect$$libinit$$00000025  c_p.l(libinit2.o)
    0x0000013e   0x00000000   Code   RO          418    .ARM.Collect$$libinit$$0000002C  c_p.l(libinit2.o)
    0x0000013e   0x00000000   Code   RO          420    .ARM.Collect$$libinit$$0000002E  c_p.l(libinit2.o)
    0x0000013e   0x00000000   Code   RO          422    .ARM.Collect$$libinit$$00000030  c_p.l(libinit2.o)
    0x0000013e   0x00000000   Code   RO          424    .ARM.Collect$$libinit$$00000032  c_p.l(libinit2.o)
    0x0000013e   0x00000002   Code   RO          425    .ARM.Collect$$libinit$$00000033  c_p.l(libinit2.o)
    0x00000140   0x00000002   Code   RO          456    .ARM.Collect$$libshutdown$$00000000  c_p.l(libshutdown.o)
    0x00000142   0x00000000   Code   RO          483    .ARM.Collect$$libshutdown$$00000003  c_p.l(libshutdown2.o)
    0x00000142   0x00000000   Code   RO          486    .ARM.Collect$$libshutdown$$00000006  c_p.l(libshutdown2.o)
    0x00000142   0x00000000   Code   RO          489    .ARM.Collect$$libshutdown$$00000009  c_p.l(libshutdown2.o)
    0x00000142   0x00000000   Code   RO          491    .ARM.Collect$$libshutdown$$0000000B  c_p.l(libshutdown2.o)
    0x00000142   0x00000000   Code   RO          494    .ARM.Collect$$libshutdown$$0000000E  c_p.l(libshutdown2.o)
    0x00000142   0x00000002   Code   RO          495    .ARM.Collect$$libshutdown$$0000000F  c_p.l(libshutdown2.o)
    0x00000144   0x00000000   Code   RO          332    .ARM.Collect$$rtentry$$00000000  c_p.l(__rtentry.o)
    0x00000144   0x00000000   Code   RO          338    .ARM.Collect$$rtentry$$00000002  c_p.l(__rtentry2.o)
    0x00000144   0x00000006   Code   RO          350    .ARM.Collect$$rtentry$$00000004  c_p.l(__rtentry4.o)
    0x0000014a   0x00000000   Code   RO          340    .ARM.Collect$$rtentry$$00000009  c_p.l(__rtentry2.o)
    0x0000014a   0x00000004   Code   RO          341    .ARM.Collect$$rtentry$$0000000A  c_p.l(__rtentry2.o)
    0x0000014e   0x00000000   Code   RO          343    .ARM.Collect$$rtentry$$0000000C  c_p.l(__rtentry2.o)
    0x0000014e   0x00000008   Code   RO          344    .ARM.Collect$$rtentry$$0000000D  c_p.l(__rtentry2.o)
    0x00000156   0x00000002   Code   RO          373    .ARM.Collect$$rtexit$$00000000  c_p.l(rtexit.o)
    0x00000158   0x00000000   Code   RO          429    .ARM.Collect$$rtexit$$00000002  c_p.l(rtexit2.o)
    0x00000158   0x00000004   Code   RO          430    .ARM.Collect$$rtexit$$00000003  c_p.l(rtexit2.o)
    0x0000015c   0x00000006   Code   RO          431    .ARM.Collect$$rtexit$$00000004  c_p.l(rtexit2.o)
    0x00000162   0x00000002   PAD
    0x00000164   0x00000038   Code   RO          316    .emb_text           c_p.l(rt_memcpy.o)
    0x0000019c   0x00000034   Code   RO          131  * .text               startup_lpc82x.o
    0x000001d0   0x00000080   Code   RO          139    .text               timer.o
    0x00000250   0x00000074   Code   RO          162    .text               gpio.o
    0x000002c4   0x00000026   Code   RO          254    .text               rf433m.o
    0x000002ea   0x00000012   Code   RO          320    .text               c_p.l(aeabi_memset.o)
    0x000002fc   0x00000004   Code   RO          130    .ARM.__at_0x02FC    startup_lpc82x.o
    0x00000300   0x00000224   Code   RO            3    .text               system_lpc8xx.o
    0x00000524   0x00000424   Code   RO           49    .text               uart.o
    0x00000948   0x00000a24   Code   RO          182    .text               main.o
    0x0000136c   0x000000b0   Code   RO          207    .text               queue.o
    0x0000141c   0x00000044   Code   RO          274    .text               wifi.o
    0x00001460   0x0000004c   Code   RO          294    .text               led.o
    0x000014ac   0x0000005a   Code   RO          314    .text               c_p.l(memcmp.o)
    0x00001506   0x00000082   Code   RO          317    .text               c_p.l(rt_memcpy.o)
    0x00001588   0x00000040   Code   RO          322    .text               c_p.l(rt_memclr.o)
    0x000015c8   0x0000015a   Code   RO          324    .text               c_p.l(aeabi_sdiv.o)
    0x00001722   0x00000006   Code   RO          328    .text               c_p.l(heapauxi.o)
    0x00001728   0x0000003e   Code   RO          354    .text               c_p.l(sys_stackheap_outer.o)
    0x00001766   0x0000000c   Code   RO          357    .text               c_p.l(exit.o)
    0x00001772   0x00000002   PAD
    0x00001774   0x00000008   Code   RO          369    .text               c_p.l(libspace.o)
    0x0000177c   0x0000000c   Code   RO          426    .text               c_p.l(sys_exit.o)
    0x00001788   0x00000002   Code   RO          445    .text               c_p.l(use_no_semi.o)
    0x0000178a   0x00000000   Code   RO          447    .text               c_p.l(indicate_semi.o)
    0x0000178a   0x0000001c   Code   RO           22    i.__ARM_common_switch8  system_lpc8xx.o
    0x000017a6   0x00000002   PAD
    0x000017a8   0x00000020   Data   RO          496    Region$$Table       anon$$obj.o


    Execution Region ER_RW (Base: 0x10000000, Size: 0x0000000c, Max: 0xffffffff, ABSOLUTE)

    Base Addr    Size         Type   Attr      Idx    E Section Name        Object

    0x10000000   0x00000004   Data   RW            4    .data               system_lpc8xx.o
    0x10000004   0x00000005   Data   RW          184    .data               main.o
    0x10000009   0x00000001   Data   RW          231    .data               gprs.o


    Execution Region ER_ZI (Base: 0x1000000c, Size: 0x0000110c, Max: 0xffffffff, ABSOLUTE)

    Base Addr    Size         Type   Attr      Idx    E Section Name        Object

    0x1000000c   0x00000d50   Zero   RW           50    .bss                uart.o
    0x10000d5c   0x0000015c   Zero   RW          183    .bss                main.o
    0x10000eb8   0x00000060   Zero   RW          370    .bss                c_p.l(libspace.o)
    0x10000f18   0x00000000   Zero   RW          128    HEAP                startup_lpc82x.o
    0x10000f18   0x00000200   Zero   RW          127    STACK               startup_lpc82x.o


==============================================================================

Image component sizes


      Code (inc. data)   RO Data    RW Data    ZI Data      Debug   Object Name

       116         12          0          0          0        730   gpio.o
         0          0          0          1          0        163   gprs.o
        76          0          0          0          0        523   led.o
      2596        190          0          5        348      12423   main.o
       176          0          0          0          0       1813   queue.o
        38          0          0          0          0        404   rf433m.o
        56         28        192          0        512        728   startup_lpc82x.o
       576         98          0          4          0       6581   system_lpc8xx.o
       128         16          0          0          0        742   timer.o
      1060         58          0          0       3408      25421   uart.o
        68          0          0          0          0        405   wifi.o

    ----------------------------------------------------------------------
      4892        402        224         12       4268      49933   Object Totals
         0          0         32          0          0          0   (incl. Generated)
         2          0          0          2          0          0   (incl. Padding)

    ----------------------------------------------------------------------

      Code (inc. data)   RO Data    RW Data    ZI Data      Debug   Library Member Name

         8          0          0          0          0         68   __main.o
         0          0          0          0          0          0   __rtentry.o
        12          0          0          0          0          0   __rtentry2.o
         6          0          0          0          0          0   __rtentry4.o
        60          8          0          0          0          0   __scatter.o
        26          0          0          0          0          0   __scatter_copy.o
        28          0          0          0          0          0   __scatter_zi.o
        18          0          0          0          0         68   aeabi_memset.o
       346          0          0          0          0         92   aeabi_sdiv.o
        12          0          0          0          0         64   exit.o
         6          0          0          0          0        136   heapauxi.o
         0          0          0          0          0          0   indicate_semi.o
         2          0          0          0          0          0   libinit.o
         2          0          0          0          0          0   libinit2.o
         2          0          0          0          0          0   libshutdown.o
         2          0          0          0          0          0   libshutdown2.o
         8          4          0          0         96         68   libspace.o
        90          0          0          0          0         68   memcmp.o
        64          0          0          0          0        108   rt_memclr.o
       186          0          0          0          0        144   rt_memcpy.o
         2          0          0          0          0          0   rtexit.o
        10          0          0          0          0          0   rtexit2.o
        12          4          0          0          0         60   sys_exit.o
        62          0          0          0          0         80   sys_stackheap_outer.o
         2          0          0          0          0         68   use_no_semi.o

    ----------------------------------------------------------------------
       972         16          0          0         96       1024   Library Totals
         6          0          0          0          0          0   (incl. Padding)

    ----------------------------------------------------------------------

      Code (inc. data)   RO Data    RW Data    ZI Data      Debug   Library Name

       966         16          0          0         96       1024   c_p.l

    ----------------------------------------------------------------------
       972         16          0          0         96       1024   Library Totals

    ----------------------------------------------------------------------

==============================================================================


      Code (inc. data)   RO Data    RW Data    ZI Data      Debug   

      5864        418        224         12       4364      50013   Grand Totals
      5864        418        224         12       4364      50013   ELF Image Totals
      5864        418        224         12          0          0   ROM Totals

==============================================================================

    Total RO  Size (Code + RO Data)                 6088 (   5.95kB)
    Total RW  Size (RW Data + ZI Data)              4376 (   4.27kB)
    Total ROM Size (Code + RO Data + RW Data)       6100 (   5.96kB)

==============================================================================

